
Map of Debug\vm.sm8 from link file Debug\vm.lkf - Sat Mar 28 14:31:49 2020


                               --------
                               Segments
                               --------

start 00008080 end 0000809a length    26 segment .const
start 000080aa end 000096cf length  5669 segment .text
start 00004000 end 00004000 length     0 segment .eeprom
start 00000000 end 00000008 length     8 segment .bsct, initialized
start 000080a2 end 000080aa length     8 segment .bsct, from
start 00000008 end 00000018 length    16 segment .ubsct
start 00000018 end 00000018 length     0 segment .bit
start 00000018 end 00000018 length     0 segment .share
start 00000100 end 00000100 length     0 segment .data
start 00000100 end 00000100 length     0 segment .bss
start 00000000 end 00000c44 length  3140 segment .info.
start 00000000 end 00009966 length 39270 segment .debug
start 00008000 end 00008080 length   128 segment .const
start 0000809a end 000080a2 length     8 segment .init


                               -------
                               Modules
                               -------

C:\Program Files (x86)\COSMIC\FSE_Compilers\CXSTM8\Lib\crtsi0.sm8:
start 000080aa end 000080fa length    80 section .text
start 00000100 end 00000100 length     0 section .bss
start 00000008 end 00000008 length     0 section .ubsct
start 00000000 end 00000034 length    52 section .info.

Debug\stm8s_adc1.o:
start 000080fa end 0000852d length  1075 section .text
start 00000000 end 000015f1 length  5617 section .debug
start 00000034 end 000000b2 length   126 section .info.

Debug\stm8s_clk.o:
start 0000852d end 000088b1 length   900 section .text
start 000015f1 end 00002c60 length  5743 section .debug
start 000000b2 end 0000012f length   125 section .info.
start 00008080 end 0000808c length    12 section .const

Debug\stm8s_flash.o:
start ******** end ******** length     0 section .text *** removed ***
start 00002c60 end 00003a3f length  3551 section .debug
start 0000012f end 000001ae length   127 section .info.

Debug\stm8s_gpio.o:
start 000088b1 end 00008963 length   178 section .text
start 00003a3f end 00004449 length  2570 section .debug
start 000001ae end 0000022c length   126 section .info.

Debug\stm8s_tim2.o:
start 00008963 end 00008e3d length  1242 section .text
start 00004449 end 0000675d length  8980 section .debug
start 0000022c end 000002aa length   126 section .info.

Debug\stm8s_tim4.o:
start 00008e3d end 00008f1b length   222 section .text
start 0000675d end 00007314 length  2999 section .debug
start 000002aa end 00000328 length   126 section .info.

Debug\stm8s_uart1.o:
start 00008f1b end 000092d1 length   950 section .text
start 00007314 end 00008700 length  5100 section .debug
start 00000328 end 000003a7 length   127 section .info.
start 0000808c end 00008090 length     4 section .const

Debug\main.o:
start 000092d1 end 00009309 length    56 section .text
start 00008700 end 000087cb length   203 section .debug
start 000003a7 end 0000041f length   120 section .info.

Debug\stm8s_it.o:
start 00009309 end 00009364 length    91 section .text
start 000087cb end 00008db6 length  1515 section .debug
start 0000041f end 0000049b length   124 section .info.

Debug\user_adc.o:
start 00009364 end 000093bf length    91 section .text
start 00000000 end 00000002 length     2 section .bsct
start 00008db6 end 00008ec7 length   273 section .debug
start 0000049b end 00000517 length   124 section .info.

Debug\user_buzzer.o:
start 000093bf end 000093c2 length     3 section .text
start ******** end ******** length     0 section .ubsct *** removed ***
start 00008ec7 end 00009096 length   463 section .debug
start 00000517 end 00000596 length   127 section .info.

Debug\user_eeprom.o:
start ******** end ******** length     0 section .text *** removed ***
start 00009096 end 00009152 length   188 section .debug
start 00000596 end 00000615 length   127 section .info.

Debug\user_led.o:
start 000093c2 end 0000940d length    75 section .text
start 00000008 end 0000000c length     4 section .ubsct
start 00009152 end 0000931e length   460 section .debug
start 00000615 end 00000691 length   124 section .info.

Debug\user_pwm.o:
start 0000940d end 00009452 length    69 section .text
start ******** end ******** length     0 section .bsct *** removed ***
start 0000931e end 0000948c length   366 section .debug
start 00000691 end 0000070d length   124 section .info.

Debug\user_timer.o:
start 00009452 end 000094a4 length    82 section .text
start 00000002 end 00000008 length     6 section .bsct
start 0000000c end 0000000e length     2 section .ubsct
start 0000948c end 000096e9 length   605 section .debug
start 0000070d end 0000078b length   126 section .info.

Debug\user_uart.o:
start 000094a4 end 000094e5 length    65 section .text
start 000096e9 end 000097fb length   274 section .debug
start 0000078b end 00000808 length   125 section .info.
start 00008090 end 0000809a length    10 section .const

(C:\Program Files (x86)\COSMIC\FSE_Compilers\CXSTM8\Lib\libm0.sm8)cmulx.o:
start ******** end ******** length     0 section .text *** removed ***
start 00000808 end 00000838 length    48 section .info.

(C:\Program Files (x86)\COSMIC\FSE_Compilers\CXSTM8\Lib\libm0.sm8)ladd.o:
start ******** end ******** length     0 section .text *** removed ***
start 00000838 end 00000867 length    47 section .info.

(C:\Program Files (x86)\COSMIC\FSE_Compilers\CXSTM8\Lib\libm0.sm8)lgadd.o:
start ******** end ******** length     0 section .text *** removed ***
start 00000867 end 00000897 length    48 section .info.

(C:\Program Files (x86)\COSMIC\FSE_Compilers\CXSTM8\Lib\libm0.sm8)lgsbc.o:
start 000094e5 end 000094fb length    22 section .text
start 00000897 end 000008c7 length    48 section .info.

(C:\Program Files (x86)\COSMIC\FSE_Compilers\CXSTM8\Lib\libm0.sm8)llsh.o:
start 000094fb end 0000950a length    15 section .text
start 000008c7 end 000008f6 length    47 section .info.

(C:\Program Files (x86)\COSMIC\FSE_Compilers\CXSTM8\Lib\libm0.sm8)lreg.o:
start 0000000e end 00000012 length     4 section .ubsct
start 000008f6 end 00000925 length    47 section .info.

(C:\Program Files (x86)\COSMIC\FSE_Compilers\CXSTM8\Lib\libm0.sm8)lsub.o:
start 0000950a end 00009522 length    24 section .text
start 00000925 end 00000954 length    47 section .info.

(C:\Program Files (x86)\COSMIC\FSE_Compilers\CXSTM8\Lib\libm0.sm8)ltor.o:
start 00009522 end 00009534 length    18 section .text
start 00000954 end 00000983 length    47 section .info.

(C:\Program Files (x86)\COSMIC\FSE_Compilers\CXSTM8\Lib\libm0.sm8)ludiv.o:
start 00009534 end 00009548 length    20 section .text
start 00000983 end 000009b3 length    48 section .info.

(C:\Program Files (x86)\COSMIC\FSE_Compilers\CXSTM8\Lib\libm0.sm8)ldiv.o:
start 00009548 end 00009633 length   235 section .text
start 000009b3 end 000009e2 length    47 section .info.

(C:\Program Files (x86)\COSMIC\FSE_Compilers\CXSTM8\Lib\libm0.sm8)lgneg.o:
start 00009633 end 00009646 length    19 section .text
start 000009e2 end 00000a12 length    48 section .info.

(C:\Program Files (x86)\COSMIC\FSE_Compilers\CXSTM8\Lib\libm0.sm8)lneg.o:
start 00009646 end 0000965b length    21 section .text
start 00000a12 end 00000a41 length    47 section .info.

(C:\Program Files (x86)\COSMIC\FSE_Compilers\CXSTM8\Lib\libm0.sm8)lursh.o:
start 0000965b end 0000966a length    15 section .text
start 00000a41 end 00000a71 length    48 section .info.

(C:\Program Files (x86)\COSMIC\FSE_Compilers\CXSTM8\Lib\libm0.sm8)lzmp.o:
start 0000966a end 0000967d length    19 section .text
start 00000a71 end 00000aa0 length    47 section .info.

(C:\Program Files (x86)\COSMIC\FSE_Compilers\CXSTM8\Lib\libm0.sm8)rtol.o:
start 0000967d end 0000968f length    18 section .text
start 00000aa0 end 00000acf length    47 section .info.

(C:\Program Files (x86)\COSMIC\FSE_Compilers\CXSTM8\Lib\libm0.sm8)smul.o:
start 0000968f end 000096ce length    63 section .text
start 00000acf end 00000afe length    47 section .info.

(C:\Program Files (x86)\COSMIC\FSE_Compilers\CXSTM8\Lib\libm0.sm8)umul.o:
start ******** end ******** length     0 section .text *** removed ***
start 00000afe end 00000b2d length    47 section .info.

(C:\Program Files (x86)\COSMIC\FSE_Compilers\CXSTM8\Lib\libm0.sm8)xreg.o:
start 00000012 end 00000015 length     3 section .ubsct
start 00000b2d end 00000b5c length    47 section .info.

(C:\Program Files (x86)\COSMIC\FSE_Compilers\CXSTM8\Lib\libm0.sm8)yreg.o:
start 00000015 end 00000018 length     3 section .ubsct
start 00000b5c end 00000b8b length    47 section .info.

Debug\stm8_interrupt_vector.o:
start 000096ce end 000096cf length     1 section .text
start 000097fb end 00009966 length   363 section .debug
start 00000b8b end 00000c14 length   137 section .info.
start 00008000 end 00008080 length   128 section .const


                             -----------
                             Stack usage
                             -----------

Debug\main.o:
_main                              >   54   (4)

Debug\stm8_interrupt_vector.o:
f_NonHandledInterrupt              >    6   (6)

Debug\stm8s_adc1.o:
_ADC1_AWDChannelConfig             >    4   (4)
_ADC1_ClearFlag                    >    4   (4)
_ADC1_ClearITPendingBit                 5   (5)
_ADC1_Cmd                               2   (2)
_ADC1_ConversionConfig                  5   (5)
_ADC1_DataBufferCmd                >    2   (2)
_ADC1_DeInit                            2   (2)
_ADC1_ExternalTriggerConfig             4   (4)
_ADC1_GetAWDChannelStatus          >    4   (4)
_ADC1_GetBufferValue               >    8   (8)
_ADC1_GetConversionValue                7   (7)
_ADC1_GetFlagStatus                >    4   (4)
_ADC1_GetITStatus                  >    5   (5)
_ADC1_ITConfig                          5   (5)
_ADC1_Init                             15   (10)
_ADC1_PrescalerConfig                   3   (3)
_ADC1_ScanModeCmd                       2   (2)
_ADC1_SchmittTriggerConfig              4   (4)
_ADC1_SetHighThreshold             >    4   (4)
_ADC1_SetLowThreshold              >    2   (2)
_ADC1_StartConversion                   2   (2)

Debug\stm8s_clk.o:
_CLK_AdjustHSICalibrationValue     >    3   (3)
_CLK_CCOCmd                        >    2   (2)
_CLK_CCOConfig                     >    3   (3)
_CLK_ClearITPendingBit             >    2   (2)
_CLK_ClockSecuritySystemEnable     >    2   (2)
_CLK_ClockSwitchCmd                >    2   (2)
_CLK_ClockSwitchConfig             >   10   (10)
_CLK_DeInit                        >    2   (2)
_CLK_FastHaltWakeUpCmd             >    2   (2)
_CLK_GetClockFreq                      25   (11)
_CLK_GetFlagStatus                 >    7   (7)
_CLK_GetITStatus                   >    4   (4)
_CLK_GetSYSCLKSource               >    2   (2)
_CLK_HSECmd                        >    2   (2)
_CLK_HSICmd                        >    2   (2)
_CLK_HSIPrescalerConfig                 3   (3)
_CLK_ITConfig                      >    4   (4)
_CLK_LSICmd                        >    2   (2)
_CLK_PeripheralClockConfig         >    4   (4)
_CLK_SWIMConfig                    >    2   (2)
_CLK_SYSCLKConfig                  >    3   (3)
_CLK_SYSCLKEmergencyClear          >    2   (2)
_CLK_SlowActiveHaltWakeUpCmd       >    2   (2)

Debug\stm8s_gpio.o:
_GPIO_DeInit                       >    2   (2)
_GPIO_ExternalPullUpConfig         >    6   (6)
_GPIO_Init                              6   (6)
_GPIO_ReadInputData                >    2   (2)
_GPIO_ReadInputPin                 >    5   (5)
_GPIO_ReadOutputData               >    2   (2)
_GPIO_Write                        >    5   (5)
_GPIO_WriteHigh                         5   (5)
_GPIO_WriteLow                          5   (5)
_GPIO_WriteReverse                 >    5   (5)

Debug\stm8s_it.o:
f_ADC1_IRQHandler                  >   21   (12)
f_AWU_IRQHandler                   >    6   (6)
f_CLK_IRQHandler                   >    6   (6)
f_EEPROM_EEC_IRQHandler            >    6   (6)
f_EXTI_PORTA_IRQHandler            >    6   (6)
f_EXTI_PORTB_IRQHandler            >    6   (6)
f_EXTI_PORTC_IRQHandler            >    6   (6)
f_EXTI_PORTD_IRQHandler            >    6   (6)
f_EXTI_PORTE_IRQHandler            >    6   (6)
f_I2C_IRQHandler                   >    6   (6)
f_SPI_IRQHandler                   >    6   (6)
f_TIM1_CAP_COM_IRQHandler          >    6   (6)
f_TIM1_UPD_OVF_TRG_BRK_IRQHandler  >    6   (6)
f_TIM2_CAP_COM_IRQHandler          >    6   (6)
f_TIM2_UPD_OVF_BRK_IRQHandler      >    6   (6)
f_TIM4_UPD_OVF_IRQHandler          >   21   (12)
f_TLI_IRQHandler                   >    6   (6)
f_TRAP_IRQHandler                  >    6   (6)
f_UART1_RX_IRQHandler              >    6   (6)
f_UART1_TX_IRQHandler              >    6   (6)

Debug\stm8s_tim2.o:
L3_TI1_Config                           6   (6)
L5_TI2_Config                           6   (6)
L7_TI3_Config                           6   (6)
_TIM2_ARRPreloadConfig                  2   (2)
_TIM2_CCxCmd                       >    4   (4)
_TIM2_ClearFlag                    >    2   (2)
_TIM2_ClearITPendingBit            >    2   (2)
_TIM2_Cmd                               2   (2)
_TIM2_DeInit                       >    2   (2)
_TIM2_ForcedOC1Config              >    3   (3)
_TIM2_ForcedOC2Config              >    3   (3)
_TIM2_ForcedOC3Config              >    3   (3)
_TIM2_GenerateEvent                >    2   (2)
_TIM2_GetCapture1                  >    6   (6)
_TIM2_GetCapture2                  >    6   (6)
_TIM2_GetCapture3                  >    6   (6)
_TIM2_GetCounter                   >    4   (4)
_TIM2_GetFlagStatus                >    6   (6)
_TIM2_GetITStatus                  >    5   (5)
_TIM2_GetPrescaler                 >    2   (2)
_TIM2_ICInit                       >   13   (7)
_TIM2_ITConfig                     >    4   (4)
_TIM2_OC1Init                           8   (8)
_TIM2_OC1PolarityConfig            >    2   (2)
_TIM2_OC1PreloadConfig                  2   (2)
_TIM2_OC2Init                           8   (8)
_TIM2_OC2PolarityConfig            >    2   (2)
_TIM2_OC2PreloadConfig                  2   (2)
_TIM2_OC3Init                      >    8   (8)
_TIM2_OC3PolarityConfig            >    2   (2)
_TIM2_OC3PreloadConfig             >    2   (2)
_TIM2_PWMIConfig                   >   15   (9)
_TIM2_PrescalerConfig              >    2   (2)
_TIM2_SelectOCxM                   >    4   (4)
_TIM2_SelectOnePulseMode           >    2   (2)
_TIM2_SetAutoreload                >    2   (2)
_TIM2_SetCompare1                  >    2   (2)
_TIM2_SetCompare2                  >    2   (2)
_TIM2_SetCompare3                  >    2   (2)
_TIM2_SetCounter                   >    2   (2)
_TIM2_SetIC1Prescaler                   3   (3)
_TIM2_SetIC2Prescaler                   3   (3)
_TIM2_SetIC3Prescaler                   3   (3)
_TIM2_TimeBaseInit                      5   (5)
_TIM2_UpdateDisableConfig          >    2   (2)
_TIM2_UpdateRequestConfig          >    2   (2)

Debug\stm8s_tim4.o:
_TIM4_ARRPreloadConfig             >    2   (2)
_TIM4_ClearFlag                         2   (2)
_TIM4_ClearITPendingBit                 2   (2)
_TIM4_Cmd                               2   (2)
_TIM4_DeInit                       >    2   (2)
_TIM4_GenerateEvent                >    2   (2)
_TIM4_GetCounter                   >    2   (2)
_TIM4_GetFlagStatus                >    3   (3)
_TIM4_GetITStatus                  >    5   (5)
_TIM4_GetPrescaler                 >    2   (2)
_TIM4_ITConfig                          4   (4)
_TIM4_PrescalerConfig              >    2   (2)
_TIM4_SelectOnePulseMode           >    2   (2)
_TIM4_SetAutoreload                >    2   (2)
_TIM4_SetCounter                   >    2   (2)
_TIM4_TimeBaseInit                      2   (2)
_TIM4_UpdateDisableConfig          >    2   (2)
_TIM4_UpdateRequestConfig          >    2   (2)

Debug\stm8s_uart1.o:
_UART1_ClearFlag                   >    2   (2)
_UART1_ClearITPendingBit           >    2   (2)
_UART1_Cmd                         >    2   (2)
_UART1_DeInit                           2   (2)
_UART1_GetFlagStatus                    5   (5)
_UART1_GetITStatus                 >    6   (6)
_UART1_HalfDuplexCmd               >    2   (2)
_UART1_ITConfig                    >    7   (7)
_UART1_Init                            48   (23)
_UART1_IrDACmd                     >    2   (2)
_UART1_IrDAConfig                  >    2   (2)
_UART1_LINBreakDetectionConfig     >    2   (2)
_UART1_LINCmd                      >    2   (2)
_UART1_ReceiveData8                >    2   (2)
_UART1_ReceiveData9                >    4   (4)
_UART1_ReceiverWakeUpCmd           >    2   (2)
_UART1_SendBreak                   >    2   (2)
_UART1_SendData8                        2   (2)
_UART1_SendData9                   >    4   (4)
_UART1_SetAddress                  >    3   (3)
_UART1_SetGuardTime                >    2   (2)
_UART1_SetPrescaler                >    2   (2)
_UART1_SmartCardCmd                >    2   (2)
_UART1_SmartCardNACKCmd            >    2   (2)
_UART1_WakeUpConfig                >    2   (2)

Debug\user_adc.o:
_init_adc                              17   (2)
_read_adc                               9   (2)

Debug\user_buzzer.o:
_init_buzzer                            2   (2)
_set_buzzer                        >    6   (6)
_task_buzzer                            2   (2)

Debug\user_led.o:
_init_led                               8   (2)
_set_led                                5   (5)
_task_led                               7   (2)

Debug\user_pwm.o:
_init_pwm                               7   (2)
_set_pwm                               13   (5)

Debug\user_timer.o:
_CLK_Config                             5   (2)
_TIM4_Config                            6   (2)
_delay                                  8   (6)
_init_timer                             8   (2)
_pool_tick                         >    2   (2)
_task_timer                             9   (2)

Debug\user_uart.o:
_init_uart                             50   (2)
_send_uart                              9   (4)

Stack size: 75


                              ---------
                              Call tree
                              ---------
   1 > _ADC1_AWDChannelConfig: (4)

   2 > _ADC1_ClearFlag: (4)

   3 > _ADC1_DataBufferCmd: (2)

   4 > _ADC1_GetAWDChannelStatus: (4)

   5 > _ADC1_GetBufferValue: (8)

   6 > _ADC1_GetFlagStatus: (4)

   7 > _ADC1_GetITStatus: (5)

   8 > _ADC1_SetHighThreshold: (4)

   9 > _ADC1_SetLowThreshold: (2)

  10 > _CLK_AdjustHSICalibrationValue: (3)

  11 > _CLK_CCOCmd: (2)

  12 > _CLK_CCOConfig: (3)

  13 > _CLK_ClearITPendingBit: (2)

  14 > _CLK_ClockSecuritySystemEnable: (2)

  15 > _CLK_ClockSwitchCmd: (2)

  16 > _CLK_ClockSwitchConfig: (10)

  17 > _CLK_DeInit: (2)

  18 > _CLK_FastHaltWakeUpCmd: (2)

  19 > _CLK_GetFlagStatus: (7)

  20 > _CLK_GetITStatus: (4)

  21 > _CLK_GetSYSCLKSource: (2)

  22 > _CLK_HSECmd: (2)

  23 > _CLK_HSICmd: (2)

  24 > _CLK_ITConfig: (4)

  25 > _CLK_LSICmd: (2)

  26 > _CLK_PeripheralClockConfig: (4)

  27 > _CLK_SWIMConfig: (2)

  28 > _CLK_SYSCLKConfig: (3)

  29 > _CLK_SYSCLKEmergencyClear: (2)

  30 > _CLK_SlowActiveHaltWakeUpCmd: (2)

  31 > _GPIO_DeInit: (2)

  32 > _GPIO_ExternalPullUpConfig: (6)

  33 > _GPIO_ReadInputData: (2)

  34 > _GPIO_ReadInputPin: (5)

  35 > _GPIO_ReadOutputData: (2)

  36 > _GPIO_Write: (5)

  37 > _GPIO_WriteReverse: (5)

  38 > _TIM2_CCxCmd: (4)

  39 > _TIM2_ClearFlag: (2)

  40 > _TIM2_ClearITPendingBit: (2)

  41 > _TIM2_DeInit: (2)

  42 > _TIM2_ForcedOC1Config: (3)

  43 > _TIM2_ForcedOC2Config: (3)

  44 > _TIM2_ForcedOC3Config: (3)

  45 > _TIM2_GenerateEvent: (2)

  46 > _TIM2_GetCapture1: (6)

  47 > _TIM2_GetCapture2: (6)

  48 > _TIM2_GetCapture3: (6)

  49 > _TIM2_GetCounter: (4)

  50 > _TIM2_GetFlagStatus: (6)

  51 > _TIM2_GetITStatus: (5)

  52 > _TIM2_GetPrescaler: (2)

  53 > _TIM2_ICInit: (7)
  54      + L3_TI1_Config: (6)
  55      + L5_TI2_Config: (6)
  56      + L7_TI3_Config: (6)
  57      + _TIM2_SetIC1Prescaler: (3)
  58      + _TIM2_SetIC2Prescaler: (3)
  59      + _TIM2_SetIC3Prescaler: (3)
       
  60 > _TIM2_ITConfig: (4)

  61 > _TIM2_OC1PolarityConfig: (2)

  62 > _TIM2_OC2PolarityConfig: (2)

  63 > _TIM2_OC3Init: (8)

  64 > _TIM2_OC3PolarityConfig: (2)

  65 > _TIM2_OC3PreloadConfig: (2)

  66 > _TIM2_PWMIConfig: (9)
  67      + L3_TI1_Config --> 54
  68      + L5_TI2_Config --> 55
  69      + _TIM2_SetIC1Prescaler --> 57
  70      + _TIM2_SetIC2Prescaler --> 58
       
  71 > _TIM2_PrescalerConfig: (2)

  72 > _TIM2_SelectOCxM: (4)

  73 > _TIM2_SelectOnePulseMode: (2)

  74 > _TIM2_SetAutoreload: (2)

  75 > _TIM2_SetCompare1: (2)

  76 > _TIM2_SetCompare2: (2)

  77 > _TIM2_SetCompare3: (2)

  78 > _TIM2_SetCounter: (2)

  79 > _TIM2_UpdateDisableConfig: (2)

  80 > _TIM2_UpdateRequestConfig: (2)

  81 > _TIM4_ARRPreloadConfig: (2)

  82 > _TIM4_DeInit: (2)

  83 > _TIM4_GenerateEvent: (2)

  84 > _TIM4_GetCounter: (2)

  85 > _TIM4_GetFlagStatus: (3)

  86 > _TIM4_GetITStatus: (5)

  87 > _TIM4_GetPrescaler: (2)

  88 > _TIM4_PrescalerConfig: (2)

  89 > _TIM4_SelectOnePulseMode: (2)

  90 > _TIM4_SetAutoreload: (2)

  91 > _TIM4_SetCounter: (2)

  92 > _TIM4_UpdateDisableConfig: (2)

  93 > _TIM4_UpdateRequestConfig: (2)

  94 > _UART1_ClearFlag: (2)

  95 > _UART1_ClearITPendingBit: (2)

  96 > _UART1_Cmd: (2)

  97 > _UART1_GetITStatus: (6)

  98 > _UART1_HalfDuplexCmd: (2)

  99 > _UART1_ITConfig: (7)

 100 > _UART1_IrDACmd: (2)

 101 > _UART1_IrDAConfig: (2)

 102 > _UART1_LINBreakDetectionConfig: (2)

 103 > _UART1_LINCmd: (2)

 104 > _UART1_ReceiveData8: (2)

 105 > _UART1_ReceiveData9: (4)

 106 > _UART1_ReceiverWakeUpCmd: (2)

 107 > _UART1_SendBreak: (2)

 108 > _UART1_SendData9: (4)

 109 > _UART1_SetAddress: (3)

 110 > _UART1_SetGuardTime: (2)

 111 > _UART1_SetPrescaler: (2)

 112 > _UART1_SmartCardCmd: (2)

 113 > _UART1_SmartCardNACKCmd: (2)

 114 > _UART1_WakeUpConfig: (2)

 115 > __stext: (0)

 116 > _main: (4)
 117      + _delay: (6)
 118      + _init_adc: (2)
 119      |    + _ADC1_Cmd: (2)
 120      |    + _ADC1_DeInit: (2)
 121      |    + _ADC1_ITConfig: (5)
 122      |    + _ADC1_Init: (10)
 123      |    |    + _ADC1_ConversionConfig: (5)
 124      |    |    + _ADC1_ExternalTriggerConfig: (4)
 125      |    |    + _ADC1_PrescalerConfig: (3)
 126      |    |    + _ADC1_SchmittTriggerConfig: (4)
          |    | 
 127      |    + _ADC1_ScanModeCmd: (2)
 128      |    + _ADC1_StartConversion: (2)
 129      |    + _GPIO_Init: (6)
          | 
 130      + _init_buzzer: (2)
 131      + _init_led: (2)
 132      |    + _GPIO_Init --> 129
 133      |    + _set_led: (5)
          | 
 134      + _init_pwm: (2)
 135      |    + _TIM2_ARRPreloadConfig: (2)
 136      |    + _TIM2_Cmd: (2)
 137      |    + _TIM2_TimeBaseInit: (5)
          | 
 138      + _init_timer: (2)
 139      |    + _CLK_Config: (2)
 140      |    |    + _CLK_HSIPrescalerConfig: (3)
          |    | 
 141      |    + _TIM4_Config: (2)
 142      |    |    + _TIM4_ClearFlag: (2)
 143      |    |    + _TIM4_Cmd: (2)
 144      |    |    + _TIM4_ITConfig: (4)
 145      |    |    + _TIM4_TimeBaseInit: (2)
          |    | 
          | 
 146      + _init_uart: (2)
 147      |    + _UART1_DeInit: (2)
 148      |    + _UART1_Init: (23)
 149      |    |    + _CLK_GetClockFreq: (11)
          |    | 
 150      |    + _send_uart: (4)
 151      |    |    + _UART1_GetFlagStatus: (5)
 152      |    |    + _UART1_SendData8: (2)
          |    | 
          | 
 153      + _set_pwm: (5)
 154      |    + _TIM2_OC1Init: (8)
 155      |    + _TIM2_OC1PreloadConfig: (2)
 156      |    + _TIM2_OC2Init: (8)
 157      |    + _TIM2_OC2PreloadConfig: (2)
          | 
       
 158 > _pool_tick: (2)

 159 > _set_buzzer: (6)

 160 > f_ADC1_IRQHandler: (12)
 161      + _read_adc: (2)
 162      |    + _ADC1_ClearITPendingBit: (5)
 163      |    + _ADC1_GetConversionValue: (7)
          | 
       
 164 > f_AWU_IRQHandler: (6)

 165 > f_CLK_IRQHandler: (6)

 166 > f_EEPROM_EEC_IRQHandler: (6)

 167 > f_EXTI_PORTA_IRQHandler: (6)

 168 > f_EXTI_PORTB_IRQHandler: (6)

 169 > f_EXTI_PORTC_IRQHandler: (6)

 170 > f_EXTI_PORTD_IRQHandler: (6)

 171 > f_EXTI_PORTE_IRQHandler: (6)

 172 > f_I2C_IRQHandler: (6)

 173 > f_NonHandledInterrupt: (6)

 174 > f_SPI_IRQHandler: (6)

 175 > f_TIM1_CAP_COM_IRQHandler: (6)

 176 > f_TIM1_UPD_OVF_TRG_BRK_IRQHandler: (6)

 177 > f_TIM2_CAP_COM_IRQHandler: (6)

 178 > f_TIM2_UPD_OVF_BRK_IRQHandler: (6)

 179 > f_TIM4_UPD_OVF_IRQHandler: (12)
 180      + _TIM4_ClearITPendingBit: (2)
 181      + _task_timer: (2)
 182      |    + _task_buzzer: (2)
 183      |    + _task_led: (2)
 184      |    |    + _GPIO_WriteHigh: (5)
 185      |    |    + _GPIO_WriteLow: (5)
          |    | 
          | 
       
 186 > f_TLI_IRQHandler: (6)

 187 > f_TRAP_IRQHandler: (6)

 188 > f_UART1_RX_IRQHandler: (6)

 189 > f_UART1_TX_IRQHandler: (6)

 190   L3_TI1_Config --> 54

 191   L5_TI2_Config --> 55

 192   L7_TI3_Config --> 56

 193   _ADC1_ClearITPendingBit --> 162

 194   _ADC1_Cmd --> 119

 195   _ADC1_ConversionConfig --> 123

 196   _ADC1_DeInit --> 120

 197   _ADC1_ExternalTriggerConfig --> 124

 198   _ADC1_GetConversionValue --> 163

 199   _ADC1_ITConfig --> 121

 200   _ADC1_Init --> 122

 201   _ADC1_PrescalerConfig --> 125

 202   _ADC1_ScanModeCmd --> 127

 203   _ADC1_SchmittTriggerConfig --> 126

 204   _ADC1_StartConversion --> 128

 205   _CLK_Config --> 139

 206   _CLK_GetClockFreq --> 149

 207   _CLK_HSIPrescalerConfig --> 140

 208   _GPIO_Init --> 129

 209   _GPIO_WriteHigh --> 184

 210   _GPIO_WriteLow --> 185

 211   _TIM2_ARRPreloadConfig --> 135

 212   _TIM2_Cmd --> 136

 213   _TIM2_OC1Init --> 154

 214   _TIM2_OC1PreloadConfig --> 155

 215   _TIM2_OC2Init --> 156

 216   _TIM2_OC2PreloadConfig --> 157

 217   _TIM2_SetIC1Prescaler --> 57

 218   _TIM2_SetIC2Prescaler --> 58

 219   _TIM2_SetIC3Prescaler --> 59

 220   _TIM2_TimeBaseInit --> 137

 221   _TIM4_ClearFlag --> 142

 222   _TIM4_ClearITPendingBit --> 180

 223   _TIM4_Cmd --> 143

 224   _TIM4_Config --> 141

 225   _TIM4_ITConfig --> 144

 226   _TIM4_TimeBaseInit --> 145

 227   _UART1_DeInit --> 147

 228   _UART1_GetFlagStatus --> 151

 229   _UART1_Init --> 148

 230   _UART1_SendData8 --> 152

 231   _delay --> 117

 232   _init_adc --> 118

 233   _init_buzzer --> 130

 234   _init_led --> 131

 235   _init_pwm --> 134

 236   _init_timer --> 138

 237   _init_uart --> 146

 238   _read_adc --> 161

 239   _send_uart --> 150

 240   _set_led --> 133

 241   _set_pwm --> 153

 242   _task_buzzer --> 182

 243   _task_led --> 183

 244   _task_timer --> 181



                               -------
                               Symbols
                               -------

_ADC1_AWDChannelConfig              000082cf   defined in Debug\stm8s_adc1.o section .text
_ADC1_ClearFlag                     00008432   defined in Debug\stm8s_adc1.o section .text
_ADC1_ClearITPendingBit             000084db   defined in Debug\stm8s_adc1.o section .text
                                               used in Debug\user_adc.o
_ADC1_Cmd                           00008153   defined in Debug\stm8s_adc1.o section .text
                                               used in Debug\user_adc.o
_ADC1_ConversionConfig              00008237   defined in Debug\stm8s_adc1.o section .text
_ADC1_DataBufferCmd                 0000816f   defined in Debug\stm8s_adc1.o section .text
_ADC1_DeInit                        000080fa   defined in Debug\stm8s_adc1.o section .text
                                               used in Debug\user_adc.o
_ADC1_ExternalTriggerConfig         00008265   defined in Debug\stm8s_adc1.o section .text
_ADC1_GetAWDChannelStatus           000083a8   defined in Debug\stm8s_adc1.o section .text
_ADC1_GetBufferValue                0000834f   defined in Debug\stm8s_adc1.o section .text
_ADC1_GetConversionValue            0000828b   defined in Debug\stm8s_adc1.o section .text
                                               used in Debug\user_adc.o
_ADC1_GetFlagStatus                 000083d8   defined in Debug\stm8s_adc1.o section .text
_ADC1_GetITStatus                   0000848d   defined in Debug\stm8s_adc1.o section .text
_ADC1_ITConfig                      0000817d   defined in Debug\stm8s_adc1.o section .text
                                               used in Debug\user_adc.o
_ADC1_Init                          0000812b   defined in Debug\stm8s_adc1.o section .text
                                               used in Debug\user_adc.o
_ADC1_PrescalerConfig               00008196   defined in Debug\stm8s_adc1.o section .text
_ADC1_ScanModeCmd                   00008161   defined in Debug\stm8s_adc1.o section .text
                                               used in Debug\user_adc.o
_ADC1_SchmittTriggerConfig          000081a9   defined in Debug\stm8s_adc1.o section .text
_ADC1_SetHighThreshold              00008336   defined in Debug\stm8s_adc1.o section .text
_ADC1_SetLowThreshold               00008344   defined in Debug\stm8s_adc1.o section .text
_ADC1_StartConversion               00008286   defined in Debug\stm8s_adc1.o section .text
                                               used in Debug\user_adc.o
_CCR1_Val                           ********   *** removed from Debug\user_pwm.o ***
_CCR2_Val                           ********   *** removed from Debug\user_pwm.o ***
_CLKPrescTable                      00008084   defined in Debug\stm8s_clk.o section .const
_CLK_AdjustHSICalibrationValue      00008807   defined in Debug\stm8s_clk.o section .text
_CLK_CCOCmd                         0000859d   defined in Debug\stm8s_clk.o section .text
_CLK_CCOConfig                      00008700   defined in Debug\stm8s_clk.o section .text
_CLK_ClearITPendingBit              000088a2   defined in Debug\stm8s_clk.o section .text
_CLK_ClockSecuritySystemEnable      0000878a   defined in Debug\stm8s_clk.o section .text
_CLK_ClockSwitchCmd                 000085ab   defined in Debug\stm8s_clk.o section .text
_CLK_ClockSwitchConfig              00008633   defined in Debug\stm8s_clk.o section .text
_CLK_Config                         0000945f   defined in Debug\user_timer.o section .text
_CLK_DeInit                         0000852d   defined in Debug\stm8s_clk.o section .text
_CLK_FastHaltWakeUpCmd              00008565   defined in Debug\stm8s_clk.o section .text
_CLK_GetClockFreq                   00008793   defined in Debug\stm8s_clk.o section .text
                                               used in Debug\stm8s_uart1.o
_CLK_GetFlagStatus                  00008819   defined in Debug\stm8s_clk.o section .text
_CLK_GetITStatus                    00008876   defined in Debug\stm8s_clk.o section .text
_CLK_GetSYSCLKSource                0000878f   defined in Debug\stm8s_clk.o section .text
_CLK_HSECmd                         00008573   defined in Debug\stm8s_clk.o section .text
_CLK_HSICmd                         00008581   defined in Debug\stm8s_clk.o section .text
_CLK_HSIPrescalerConfig             000086ed   defined in Debug\stm8s_clk.o section .text
                                               used in Debug\user_timer.o
_CLK_ITConfig                       00008717   defined in Debug\stm8s_clk.o section .text
_CLK_LSICmd                         0000858f   defined in Debug\stm8s_clk.o section .text
_CLK_PeripheralClockConfig          000085c7   defined in Debug\stm8s_clk.o section .text
_CLK_SWIMConfig                     0000877c   defined in Debug\stm8s_clk.o section .text
_CLK_SYSCLKConfig                   0000874f   defined in Debug\stm8s_clk.o section .text
_CLK_SYSCLKEmergencyClear           00008814   defined in Debug\stm8s_clk.o section .text
_CLK_SlowActiveHaltWakeUpCmd        000085b9   defined in Debug\stm8s_clk.o section .text
_FLASH_DeInit                       ********   *** removed from Debug\stm8s_flash.o ***
_FLASH_EraseBlock                   ********   *** removed from Debug\stm8s_flash.o ***
_FLASH_EraseByte                    ********   *** removed from Debug\stm8s_flash.o ***
_FLASH_EraseOptionByte              ********   *** removed from Debug\stm8s_flash.o ***
_FLASH_GetBootSize                  ********   *** removed from Debug\stm8s_flash.o ***
_FLASH_GetFlagStatus                ********   *** removed from Debug\stm8s_flash.o ***
_FLASH_GetLowPowerMode              ********   *** removed from Debug\stm8s_flash.o ***
_FLASH_GetProgrammingTime           ********   *** removed from Debug\stm8s_flash.o ***
_FLASH_ITConfig                     ********   *** removed from Debug\stm8s_flash.o ***
_FLASH_Lock                         ********   *** removed from Debug\stm8s_flash.o ***
_FLASH_ProgramBlock                 ********   *** removed from Debug\stm8s_flash.o ***
_FLASH_ProgramByte                  ********   *** removed from Debug\stm8s_flash.o ***
_FLASH_ProgramOptionByte            ********   *** removed from Debug\stm8s_flash.o ***
_FLASH_ProgramWord                  ********   *** removed from Debug\stm8s_flash.o ***
_FLASH_ReadByte                     ********   *** removed from Debug\stm8s_flash.o ***
_FLASH_ReadOptionByte               ********   *** removed from Debug\stm8s_flash.o ***
_FLASH_SetLowPowerMode              ********   *** removed from Debug\stm8s_flash.o ***
_FLASH_SetProgrammingTime           ********   *** removed from Debug\stm8s_flash.o ***
_FLASH_Unlock                       ********   *** removed from Debug\stm8s_flash.o ***
_FLASH_WaitForLastOperation         ********   *** removed from Debug\stm8s_flash.o ***
_GPIO_DeInit                        000088b1   defined in Debug\stm8s_gpio.o section .text
_GPIO_ExternalPullUpConfig          0000894b   defined in Debug\stm8s_gpio.o section .text
_GPIO_Init                          000088b9   defined in Debug\stm8s_gpio.o section .text
                                               used in Debug\user_adc.o
                                                       Debug\user_led.o
_GPIO_ReadInputData                 00008941   defined in Debug\stm8s_gpio.o section .text
_GPIO_ReadInputPin                  00008944   defined in Debug\stm8s_gpio.o section .text
_GPIO_ReadOutputData                0000893f   defined in Debug\stm8s_gpio.o section .text
_GPIO_Write                         00008921   defined in Debug\stm8s_gpio.o section .text
_GPIO_WriteHigh                     00008929   defined in Debug\stm8s_gpio.o section .text
                                               used in Debug\user_led.o
_GPIO_WriteLow                      00008930   defined in Debug\stm8s_gpio.o section .text
                                               used in Debug\user_led.o
_GPIO_WriteReverse                  00008938   defined in Debug\stm8s_gpio.o section .text
_HSIDivFactor                       00008080   defined in Debug\stm8s_clk.o section .const
_TIM2_ARRPreloadConfig              00008b9a   defined in Debug\stm8s_tim2.o section .text
                                               used in Debug\user_pwm.o
_TIM2_CCxCmd                        00008c00   defined in Debug\stm8s_tim2.o section .text
_TIM2_ClearFlag                     00008d7b   defined in Debug\stm8s_tim2.o section .text
_TIM2_ClearITPendingBit             00008da8   defined in Debug\stm8s_tim2.o section .text
_TIM2_Cmd                           00008b19   defined in Debug\stm8s_tim2.o section .text
                                               used in Debug\user_pwm.o
_TIM2_DeInit                        00008963   defined in Debug\stm8s_tim2.o section .text
_TIM2_ForcedOC1Config               00008b73   defined in Debug\stm8s_tim2.o section .text
_TIM2_ForcedOC2Config               00008b80   defined in Debug\stm8s_tim2.o section .text
_TIM2_ForcedOC3Config               00008b8d   defined in Debug\stm8s_tim2.o section .text
_TIM2_GenerateEvent                 00008bd2   defined in Debug\stm8s_tim2.o section .text
_TIM2_GetCapture1                   00008cca   defined in Debug\stm8s_tim2.o section .text
_TIM2_GetCapture2                   00008cf0   defined in Debug\stm8s_tim2.o section .text
_TIM2_GetCapture3                   00008d16   defined in Debug\stm8s_tim2.o section .text
_TIM2_GetCounter                    00008d3c   defined in Debug\stm8s_tim2.o section .text
_TIM2_GetFlagStatus                 00008d59   defined in Debug\stm8s_tim2.o section .text
_TIM2_GetITStatus                   00008d85   defined in Debug\stm8s_tim2.o section .text
_TIM2_GetPrescaler                  00008d55   defined in Debug\stm8s_tim2.o section .text
_TIM2_ICInit                        00008a62   defined in Debug\stm8s_tim2.o section .text
_TIM2_ITConfig                      00008b27   defined in Debug\stm8s_tim2.o section .text
_TIM2_OC1Init                       000089cc   defined in Debug\stm8s_tim2.o section .text
                                               used in Debug\user_pwm.o
_TIM2_OC1PolarityConfig             00008bd6   defined in Debug\stm8s_tim2.o section .text
_TIM2_OC1PreloadConfig              00008ba8   defined in Debug\stm8s_tim2.o section .text
                                               used in Debug\user_pwm.o
_TIM2_OC2Init                       000089fe   defined in Debug\stm8s_tim2.o section .text
                                               used in Debug\user_pwm.o
_TIM2_OC2PolarityConfig             00008be4   defined in Debug\stm8s_tim2.o section .text
_TIM2_OC2PreloadConfig              00008bb6   defined in Debug\stm8s_tim2.o section .text
                                               used in Debug\user_pwm.o
_TIM2_OC3Init                       00008a30   defined in Debug\stm8s_tim2.o section .text
_TIM2_OC3PolarityConfig             00008bf2   defined in Debug\stm8s_tim2.o section .text
_TIM2_OC3PreloadConfig              00008bc4   defined in Debug\stm8s_tim2.o section .text
_TIM2_PWMIConfig                    00008aa9   defined in Debug\stm8s_tim2.o section .text
_TIM2_PrescalerConfig               00008b6a   defined in Debug\stm8s_tim2.o section .text
_TIM2_SelectOCxM                    00008c3b   defined in Debug\stm8s_tim2.o section .text
_TIM2_SelectOnePulseMode            00008b5c   defined in Debug\stm8s_tim2.o section .text
_TIM2_SetAutoreload                 00008c7f   defined in Debug\stm8s_tim2.o section .text
_TIM2_SetCompare1                   00008c88   defined in Debug\stm8s_tim2.o section .text
_TIM2_SetCompare2                   00008c91   defined in Debug\stm8s_tim2.o section .text
_TIM2_SetCompare3                   00008c9a   defined in Debug\stm8s_tim2.o section .text
_TIM2_SetCounter                    00008c76   defined in Debug\stm8s_tim2.o section .text
_TIM2_SetIC1Prescaler               00008ca3   defined in Debug\stm8s_tim2.o section .text
_TIM2_SetIC2Prescaler               00008cb0   defined in Debug\stm8s_tim2.o section .text
_TIM2_SetIC3Prescaler               00008cbd   defined in Debug\stm8s_tim2.o section .text
_TIM2_TimeBaseInit                  000089bc   defined in Debug\stm8s_tim2.o section .text
                                               used in Debug\user_pwm.o
_TIM2_UpdateDisableConfig           00008b40   defined in Debug\stm8s_tim2.o section .text
_TIM2_UpdateRequestConfig           00008b4e   defined in Debug\stm8s_tim2.o section .text
_TIM4_ARRPreloadConfig              00008eb9   defined in Debug\stm8s_tim4.o section .text
_TIM4_ClearFlag                     00008eee   defined in Debug\stm8s_tim4.o section .text
                                               used in Debug\user_timer.o
_TIM4_ClearITPendingBit             00008f16   defined in Debug\stm8s_tim4.o section .text
                                               used in Debug\stm8s_it.o
_TIM4_Cmd                           00008e5f   defined in Debug\stm8s_tim4.o section .text
                                               used in Debug\user_timer.o
_TIM4_Config                        00009475   defined in Debug\user_timer.o section .text
_TIM4_DeInit                        00008e3d   defined in Debug\stm8s_tim4.o section .text
_TIM4_GenerateEvent                 00008ec7   defined in Debug\stm8s_tim4.o section .text
_TIM4_GetCounter                    00008ed3   defined in Debug\stm8s_tim4.o section .text
_TIM4_GetFlagStatus                 00008edb   defined in Debug\stm8s_tim4.o section .text
_TIM4_GetITStatus                   00008ef3   defined in Debug\stm8s_tim4.o section .text
_TIM4_GetPrescaler                  00008ed7   defined in Debug\stm8s_tim4.o section .text
_TIM4_ITConfig                      00008e6d   defined in Debug\stm8s_tim4.o section .text
                                               used in Debug\user_timer.o
_TIM4_PrescalerConfig               00008eb0   defined in Debug\stm8s_tim4.o section .text
_TIM4_SelectOnePulseMode            00008ea2   defined in Debug\stm8s_tim4.o section .text
_TIM4_SetAutoreload                 00008ecf   defined in Debug\stm8s_tim4.o section .text
_TIM4_SetCounter                    00008ecb   defined in Debug\stm8s_tim4.o section .text
_TIM4_TimeBaseInit                  00008e56   defined in Debug\stm8s_tim4.o section .text
                                               used in Debug\user_timer.o
_TIM4_UpdateDisableConfig           00008e86   defined in Debug\stm8s_tim4.o section .text
_TIM4_UpdateRequestConfig           00008e94   defined in Debug\stm8s_tim4.o section .text
_UART1_ClearFlag                    00009224   defined in Debug\stm8s_uart1.o section .text
_UART1_ClearITPendingBit            000092c1   defined in Debug\stm8s_uart1.o section .text
_UART1_Cmd                          00009086   defined in Debug\stm8s_uart1.o section .text
_UART1_DeInit                       00008f1b   defined in Debug\stm8s_uart1.o section .text
                                               used in Debug\user_uart.o
_UART1_GetFlagStatus                000091e1   defined in Debug\stm8s_uart1.o section .text
                                               used in Debug\user_uart.o
_UART1_GetITStatus                  00009234   defined in Debug\stm8s_uart1.o section .text
_UART1_HalfDuplexCmd                00009105   defined in Debug\stm8s_uart1.o section .text
_UART1_ITConfig                     00009094   defined in Debug\stm8s_uart1.o section .text
_UART1_Init                         00008f46   defined in Debug\stm8s_uart1.o section .text
                                               used in Debug\user_uart.o
_UART1_IrDACmd                      00009121   defined in Debug\stm8s_uart1.o section .text
_UART1_IrDAConfig                   00009113   defined in Debug\stm8s_uart1.o section .text
_UART1_LINBreakDetectionConfig      0000912f   defined in Debug\stm8s_uart1.o section .text
_UART1_LINCmd                       0000913d   defined in Debug\stm8s_uart1.o section .text
_UART1_ReceiveData8                 00009180   defined in Debug\stm8s_uart1.o section .text
_UART1_ReceiveData9                 00009184   defined in Debug\stm8s_uart1.o section .text
_UART1_ReceiverWakeUpCmd            00009172   defined in Debug\stm8s_uart1.o section .text
_UART1_SendBreak                    000091c1   defined in Debug\stm8s_uart1.o section .text
_UART1_SendData8                    000091a6   defined in Debug\stm8s_uart1.o section .text
                                               used in Debug\user_uart.o
_UART1_SendData9                    000091aa   defined in Debug\stm8s_uart1.o section .text
_UART1_SetAddress                   000091c6   defined in Debug\stm8s_uart1.o section .text
_UART1_SetGuardTime                 000091d9   defined in Debug\stm8s_uart1.o section .text
_UART1_SetPrescaler                 000091dd   defined in Debug\stm8s_uart1.o section .text
_UART1_SmartCardCmd                 0000914b   defined in Debug\stm8s_uart1.o section .text
_UART1_SmartCardNACKCmd             00009159   defined in Debug\stm8s_uart1.o section .text
_UART1_WakeUpConfig                 00009167   defined in Debug\stm8s_uart1.o section .text
__endmem                            000001ff   defined in command file
                                               *** not used ***
__endzp                             00000018   defined in command file section .ubsct
                                               used in C:\Program Files (x86)\COSMIC\FSE_Compilers\CXSTM8\Lib\crtsi0.sm8
__idesc__                           0000809a   defined in linker section .init
                                               used in C:\Program Files (x86)\COSMIC\FSE_Compilers\CXSTM8\Lib\crtsi0.sm8
__memory                            00000100   defined in command file section .bss
                                               used in C:\Program Files (x86)\COSMIC\FSE_Compilers\CXSTM8\Lib\crtsi0.sm8
__stack                             000003ff   defined in command file
                                               used in C:\Program Files (x86)\COSMIC\FSE_Compilers\CXSTM8\Lib\crtsi0.sm8
__startmem                          00000100   defined in command file section .bss
                                               *** not used ***
__stext                             000080aa   defined in C:\Program Files (x86)\COSMIC\FSE_Compilers\CXSTM8\Lib\crtsi0.sm8 section .text
                                               used in Debug\stm8_interrupt_vector.o
__vectab                            00008000   defined in Debug\stm8_interrupt_vector.o section .const
_adc_val                            00000000   defined in Debug\user_adc.o section .bsct, initialized
_buzzer                             ********   *** removed from Debug\user_buzzer.o ***
_delay                              00009464   defined in Debug\user_timer.o section .text
                                               used in Debug\main.o
_exit                               000080f8   defined in C:\Program Files (x86)\COSMIC\FSE_Compilers\CXSTM8\Lib\crtsi0.sm8 section .text
_init_adc                           00009364   defined in Debug\user_adc.o section .text
                                               used in Debug\main.o
_init_buzzer                        000093bf   defined in Debug\user_buzzer.o section .text
                                               used in Debug\main.o
_init_eeprom                        ********   *** removed from Debug\user_eeprom.o ***
_init_led                           000093c2   defined in Debug\user_led.o section .text
                                               used in Debug\main.o
_init_pwm                           0000940d   defined in Debug\user_pwm.o section .text
                                               used in Debug\main.o
_init_timer                         0000945a   defined in Debug\user_timer.o section .text
                                               used in Debug\main.o
_init_uart                          000094a4   defined in Debug\user_uart.o section .text
                                               used in Debug\main.o
_led                                00000008   defined in Debug\user_led.o section .ubsct
_main                               000092d1   defined in Debug\main.o section .text
                                               used in C:\Program Files (x86)\COSMIC\FSE_Compilers\CXSTM8\Lib\crtsi0.sm8
_pool_tick                          00009452   defined in Debug\user_timer.o section .text
_read_adc                           0000939d   defined in Debug\user_adc.o section .text
                                               used in Debug\stm8s_it.o
_send_uart                          000094c4   defined in Debug\user_uart.o section .text
_set_buzzer                         000093c0   defined in Debug\user_buzzer.o section .text
_set_led                            00009402   defined in Debug\user_led.o section .text
_set_pwm                            00009421   defined in Debug\user_pwm.o section .text
                                               used in Debug\main.o
_task_buzzer                        000093c1   defined in Debug\user_buzzer.o section .text
                                               used in Debug\user_timer.o
_task_led                           000093d6   defined in Debug\user_led.o section .text
                                               used in Debug\user_timer.o
_task_timer                         0000948d   defined in Debug\user_timer.o section .text
                                               used in Debug\stm8s_it.o
_tick                               0000000c   defined in Debug\user_timer.o section .ubsct
_timer_tick                         00000006   defined in Debug\user_timer.o section .bsct, initialized
_tmr_delay                          00000002   defined in Debug\user_timer.o section .bsct, initialized
c_cmulx                             ********   *** removed from (C:\Program Files (x86)\COSMIC\FSE_Compilers\CXSTM8\Lib\libm0.sm8)cmulx.o ***
c_divsl                             00009548   defined in (C:\Program Files (x86)\COSMIC\FSE_Compilers\CXSTM8\Lib\libm0.sm8)ldiv.o section .text
                                               *** not used ***
c_divul                             0000955f   defined in (C:\Program Files (x86)\COSMIC\FSE_Compilers\CXSTM8\Lib\libm0.sm8)ldiv.o section .text
                                               used in (C:\Program Files (x86)\COSMIC\FSE_Compilers\CXSTM8\Lib\libm0.sm8)ludiv.o
c_ladd                              ********   *** removed from (C:\Program Files (x86)\COSMIC\FSE_Compilers\CXSTM8\Lib\libm0.sm8)ladd.o ***
c_lgadd                             ********   *** removed from (C:\Program Files (x86)\COSMIC\FSE_Compilers\CXSTM8\Lib\libm0.sm8)lgadd.o ***
c_lgneg                             00009633   defined in (C:\Program Files (x86)\COSMIC\FSE_Compilers\CXSTM8\Lib\libm0.sm8)lgneg.o section .text
                                               used in (C:\Program Files (x86)\COSMIC\FSE_Compilers\CXSTM8\Lib\libm0.sm8)ldiv.o
c_lgsbc                             000094e5   defined in (C:\Program Files (x86)\COSMIC\FSE_Compilers\CXSTM8\Lib\libm0.sm8)lgsbc.o section .text
                                               used in Debug\user_timer.o
c_llsh                              000094fb   defined in (C:\Program Files (x86)\COSMIC\FSE_Compilers\CXSTM8\Lib\libm0.sm8)llsh.o section .text
                                               used in Debug\stm8s_uart1.o
c_lneg                              00009646   defined in (C:\Program Files (x86)\COSMIC\FSE_Compilers\CXSTM8\Lib\libm0.sm8)lneg.o section .text
                                               used in (C:\Program Files (x86)\COSMIC\FSE_Compilers\CXSTM8\Lib\libm0.sm8)ldiv.o
c_lreg                              0000000e   defined in (C:\Program Files (x86)\COSMIC\FSE_Compilers\CXSTM8\Lib\libm0.sm8)lreg.o section .ubsct
                                               used in Debug\stm8s_clk.o
                                                       Debug\stm8s_flash.o
                                                       Debug\stm8s_uart1.o
                                                       (C:\Program Files (x86)\COSMIC\FSE_Compilers\CXSTM8\Lib\libm0.sm8)cmulx.o
                                                       (C:\Program Files (x86)\COSMIC\FSE_Compilers\CXSTM8\Lib\libm0.sm8)ladd.o
                                                       (C:\Program Files (x86)\COSMIC\FSE_Compilers\CXSTM8\Lib\libm0.sm8)lgadd.o
                                                       (C:\Program Files (x86)\COSMIC\FSE_Compilers\CXSTM8\Lib\libm0.sm8)llsh.o
                                                       (C:\Program Files (x86)\COSMIC\FSE_Compilers\CXSTM8\Lib\libm0.sm8)lsub.o
                                                       (C:\Program Files (x86)\COSMIC\FSE_Compilers\CXSTM8\Lib\libm0.sm8)ltor.o
                                                       (C:\Program Files (x86)\COSMIC\FSE_Compilers\CXSTM8\Lib\libm0.sm8)ldiv.o
                                                       (C:\Program Files (x86)\COSMIC\FSE_Compilers\CXSTM8\Lib\libm0.sm8)lneg.o
                                                       (C:\Program Files (x86)\COSMIC\FSE_Compilers\CXSTM8\Lib\libm0.sm8)lursh.o
                                                       (C:\Program Files (x86)\COSMIC\FSE_Compilers\CXSTM8\Lib\libm0.sm8)rtol.o
                                                       (C:\Program Files (x86)\COSMIC\FSE_Compilers\CXSTM8\Lib\libm0.sm8)smul.o
                                                       (C:\Program Files (x86)\COSMIC\FSE_Compilers\CXSTM8\Lib\libm0.sm8)umul.o
c_lsub                              0000950a   defined in (C:\Program Files (x86)\COSMIC\FSE_Compilers\CXSTM8\Lib\libm0.sm8)lsub.o section .text
                                               used in Debug\stm8s_uart1.o
c_ltor                              00009522   defined in (C:\Program Files (x86)\COSMIC\FSE_Compilers\CXSTM8\Lib\libm0.sm8)ltor.o section .text
                                               used in Debug\stm8s_clk.o
                                                       Debug\stm8s_flash.o
                                                       Debug\stm8s_uart1.o
c_ludv                              00009534   defined in (C:\Program Files (x86)\COSMIC\FSE_Compilers\CXSTM8\Lib\libm0.sm8)ludiv.o section .text
                                               used in Debug\stm8s_clk.o
                                                       Debug\stm8s_uart1.o
c_lursh                             0000965b   defined in (C:\Program Files (x86)\COSMIC\FSE_Compilers\CXSTM8\Lib\libm0.sm8)lursh.o section .text
                                               used in Debug\stm8s_uart1.o
c_lzmp                              0000966a   defined in (C:\Program Files (x86)\COSMIC\FSE_Compilers\CXSTM8\Lib\libm0.sm8)lzmp.o section .text
                                               used in Debug\user_timer.o
c_rtol                              0000967d   defined in (C:\Program Files (x86)\COSMIC\FSE_Compilers\CXSTM8\Lib\libm0.sm8)rtol.o section .text
                                               used in Debug\stm8s_clk.o
                                                       Debug\stm8s_flash.o
                                                       Debug\stm8s_uart1.o
c_smul                              0000968f   defined in (C:\Program Files (x86)\COSMIC\FSE_Compilers\CXSTM8\Lib\libm0.sm8)smul.o section .text
                                               used in Debug\stm8s_uart1.o
c_umul                              ********   *** removed from (C:\Program Files (x86)\COSMIC\FSE_Compilers\CXSTM8\Lib\libm0.sm8)umul.o ***
c_x                                 00000012   defined in (C:\Program Files (x86)\COSMIC\FSE_Compilers\CXSTM8\Lib\libm0.sm8)xreg.o section .ubsct
                                               used in C:\Program Files (x86)\COSMIC\FSE_Compilers\CXSTM8\Lib\crtsi0.sm8
                                                       Debug\stm8s_it.o
                                                       (C:\Program Files (x86)\COSMIC\FSE_Compilers\CXSTM8\Lib\libm0.sm8)ldiv.o
                                                       (C:\Program Files (x86)\COSMIC\FSE_Compilers\CXSTM8\Lib\libm0.sm8)umul.o
c_y                                 00000015   defined in (C:\Program Files (x86)\COSMIC\FSE_Compilers\CXSTM8\Lib\libm0.sm8)yreg.o section .ubsct
                                               used in C:\Program Files (x86)\COSMIC\FSE_Compilers\CXSTM8\Lib\crtsi0.sm8
                                                       Debug\stm8s_it.o
                                                       (C:\Program Files (x86)\COSMIC\FSE_Compilers\CXSTM8\Lib\libm0.sm8)umul.o
f_ADC1_IRQHandler                   0000931a   defined in Debug\stm8s_it.o section .text
                                               used in Debug\stm8_interrupt_vector.o
f_AWU_IRQHandler                    0000930b   defined in Debug\stm8s_it.o section .text
                                               *** not used ***
f_CLK_IRQHandler                    0000930c   defined in Debug\stm8s_it.o section .text
                                               *** not used ***
f_EEPROM_EEC_IRQHandler             00009363   defined in Debug\stm8s_it.o section .text
                                               *** not used ***
f_EXTI_PORTA_IRQHandler             0000930d   defined in Debug\stm8s_it.o section .text
                                               *** not used ***
f_EXTI_PORTB_IRQHandler             0000930e   defined in Debug\stm8s_it.o section .text
                                               *** not used ***
f_EXTI_PORTC_IRQHandler             0000930f   defined in Debug\stm8s_it.o section .text
                                               *** not used ***
f_EXTI_PORTD_IRQHandler             00009310   defined in Debug\stm8s_it.o section .text
                                               *** not used ***
f_EXTI_PORTE_IRQHandler             00009311   defined in Debug\stm8s_it.o section .text
                                               *** not used ***
f_I2C_IRQHandler                    00009319   defined in Debug\stm8s_it.o section .text
                                               *** not used ***
f_NonHandledInterrupt               000096ce   defined in Debug\stm8_interrupt_vector.o section .text
f_SPI_IRQHandler                    00009312   defined in Debug\stm8s_it.o section .text
                                               *** not used ***
f_TIM1_CAP_COM_IRQHandler           00009314   defined in Debug\stm8s_it.o section .text
                                               *** not used ***
f_TIM1_UPD_OVF_TRG_BRK_IRQHandler   00009313   defined in Debug\stm8s_it.o section .text
                                               *** not used ***
f_TIM2_CAP_COM_IRQHandler           00009316   defined in Debug\stm8s_it.o section .text
                                               *** not used ***
f_TIM2_UPD_OVF_BRK_IRQHandler       00009315   defined in Debug\stm8s_it.o section .text
                                               *** not used ***
f_TIM4_UPD_OVF_IRQHandler           0000933c   defined in Debug\stm8s_it.o section .text
                                               used in Debug\stm8_interrupt_vector.o
f_TLI_IRQHandler                    0000930a   defined in Debug\stm8s_it.o section .text
                                               *** not used ***
f_TRAP_IRQHandler                   00009309   defined in Debug\stm8s_it.o section .text
                                               *** not used ***
f_UART1_RX_IRQHandler               00009318   defined in Debug\stm8s_it.o section .text
                                               *** not used ***
f_UART1_TX_IRQHandler               00009317   defined in Debug\stm8s_it.o section .text
                                               *** not used ***
