
Map of Debug\vm.sm8 from link file Debug\vm.lkf - Tue Apr  7 21:37:58 2020


                               --------
                               Segments
                               --------

start 00008080 end 000080a0 length    32 segment .const
start 000080c2 end 0000998a length  6344 segment .text
start 00004000 end 00004000 length     0 segment .eeprom
start 00000000 end 0000001a length    26 segment .bsct, initialized
start 000080a8 end 000080c2 length    26 segment .bsct, from
start 0000001a end 0000003b length    33 segment .ubsct
start 0000003b end 0000003b length     0 segment .bit
start 0000003b end 0000003b length     0 segment .share
start 00000100 end 00000100 length     0 segment .data
start 00000100 end 00000100 length     0 segment .bss
start 00000000 end 00000f94 length  3988 segment .info.
start 00000000 end 0000ab5c length 43868 segment .debug
start 00008000 end 00008080 length   128 segment .const
start 000080a0 end 000080a8 length     8 segment .init


                               -------
                               Modules
                               -------

C:\Program Files (x86)\COSMIC\FSE_Compilers\CXSTM8\Lib\crtsi0.sm8:
start 000080c2 end 00008112 length    80 section .text
start 00000100 end 00000100 length     0 section .bss
start 0000001a end 0000001a length     0 section .ubsct
start 00000000 end 00000034 length    52 section .info.

Debug\stm8s_exti.o:
start 00008112 end 000081fa length   232 section .text
start 00000000 end 0000048f length  1167 section .debug
start 00000034 end 000000b2 length   126 section .info.

Debug\stm8s_adc1.o:
start 000081fa end 0000862d length  1075 section .text
start 0000048f end 00001a80 length  5617 section .debug
start 000000b2 end 00000130 length   126 section .info.

Debug\stm8s_clk.o:
start 0000862d end 000089b1 length   900 section .text
start 00001a80 end 000030ef length  5743 section .debug
start 00000130 end 000001ad length   125 section .info.
start 00008080 end 0000808c length    12 section .const

Debug\stm8s_flash.o:
start 000089b1 end 00008c0c length   603 section .text
start 000030ef end 00003ece length  3551 section .debug
start 000001ad end 0000022c length   127 section .info.

Debug\stm8s_gpio.o:
start 00008c0c end 00008cbe length   178 section .text
start 00003ece end 000048d8 length  2570 section .debug
start 0000022c end 000002aa length   126 section .info.

Debug\stm8s_tim2.o:
start ******** end ******** length     0 section .text *** removed ***
start 000048d8 end 00006bec length  8980 section .debug
start 000002aa end 00000328 length   126 section .info.

Debug\stm8s_tim4.o:
start 00008cbe end 00008d9c length   222 section .text
start 00006bec end 000077a3 length  2999 section .debug
start 00000328 end 000003a6 length   126 section .info.

Debug\stm8s_uart1.o:
start ******** end ******** length     0 section .text *** removed ***
start 000077a3 end 00008b8f length  5100 section .debug
start 000003a6 end 00000425 length   127 section .info.
start ******** end ******** length     0 section .const *** removed ***

Debug\main.o:
start 00008d9c end 00008dbf length    35 section .text
start 00008b8f end 00008c3d length   174 section .debug
start 00000425 end 0000049d length   120 section .info.

Debug\stm8s_it.o:
start 00008dbf end 00008e3b length   124 section .text
start 00008c3d end 00009228 length  1515 section .debug
start 0000049d end 00000519 length   124 section .info.

Debug\pressure_sensor.o:
start 00008e3b end 00008e3e length     3 section .text
start 00009228 end 0000937c length   340 section .debug
start 00000519 end 0000059c length   131 section .info.

Debug\application.o:
start ******** end ******** length     0 section .text *** removed ***
start 0000937c end 00009478 length   252 section .debug
start 0000059c end 0000061b length   127 section .info.

Debug\menu.o:
start 00008e3e end 00008e92 length    84 section .text
start 00000000 end 0000000c length    12 section .bsct
start 0000001a end 0000001c length     2 section .ubsct
start 00009478 end 00009666 length   494 section .debug
start 0000061b end 00000693 length   120 section .info.

Debug\motor.o:
start 00008e92 end 00008e98 length     6 section .text
start ******** end ******** length     0 section .ubsct *** removed ***
start 00009666 end 0000995e length   760 section .debug
start 00000693 end 0000070c length   121 section .info.

Debug\user_adc.o:
start 00008e98 end 00008f01 length   105 section .text
start 0000000c end 0000000e length     2 section .bsct
start 0000995e end 00009a6f length   273 section .debug
start 0000070c end 00000788 length   124 section .info.

Debug\user_buzzer.o:
start 00008f01 end 00008f04 length     3 section .text
start ******** end ******** length     0 section .ubsct *** removed ***
start 00009a6f end 00009c3d length   462 section .debug
start 00000788 end 00000807 length   127 section .info.

Debug\user_display.o:
start 00008f04 end 00009606 length  1794 section .text
start 0000000e end 00000015 length     7 section .bsct
start 00009c3d end 00009f9d length   864 section .debug
start 00000807 end 00000887 length   128 section .info.
start 0000808c end 000080a0 length    20 section .const

Debug\user_eeprom.o:
start 00009606 end 00009706 length   256 section .text
start 0000001c end 0000002f length    19 section .ubsct
start 00009f9d end 0000a3ec length  1103 section .debug
start 00000887 end 00000906 length   127 section .info.

Debug\user_led.o:
start 00009706 end 00009709 length     3 section .text
start 0000a3ec end 0000a532 length   326 section .debug
start 00000906 end 00000982 length   124 section .info.

Debug\user_pwm.o:
start ******** end ******** length     0 section .text *** removed ***
start 0000a532 end 0000a663 length   305 section .debug
start 00000982 end 000009fe length   124 section .info.

Debug\user_timer.o:
start 00009709 end 00009773 length   106 section .text
start 00000015 end 0000001a length     5 section .bsct
start 0000002f end 00000031 length     2 section .ubsct
start 0000a663 end 0000a8df length   636 section .debug
start 000009fe end 00000a7c length   126 section .info.

Debug\user_uart.o:
start 00009773 end 00009775 length     2 section .text
start 0000a8df end 0000a9f1 length   274 section .debug
start 00000a7c end 00000af9 length   125 section .info.

(C:\Program Files (x86)\COSMIC\FSE_Compilers\CXSTM8\Lib\libm0.sm8)cmulx.o:
start 00009775 end 00009789 length    20 section .text
start 00000af9 end 00000b29 length    48 section .info.

(C:\Program Files (x86)\COSMIC\FSE_Compilers\CXSTM8\Lib\libm0.sm8)ladc.o:
start 00009789 end 0000979a length    17 section .text
start 00000b29 end 00000b58 length    47 section .info.

(C:\Program Files (x86)\COSMIC\FSE_Compilers\CXSTM8\Lib\libm0.sm8)ladd.o:
start 0000979a end 000097b2 length    24 section .text
start 00000b58 end 00000b87 length    47 section .info.

(C:\Program Files (x86)\COSMIC\FSE_Compilers\CXSTM8\Lib\libm0.sm8)lgadc.o:
start 000097b2 end 000097c2 length    16 section .text
start 00000b87 end 00000bb7 length    48 section .info.

(C:\Program Files (x86)\COSMIC\FSE_Compilers\CXSTM8\Lib\libm0.sm8)lgadd.o:
start 000097c2 end 000097d9 length    23 section .text
start 00000bb7 end 00000be7 length    48 section .info.

(C:\Program Files (x86)\COSMIC\FSE_Compilers\CXSTM8\Lib\libm0.sm8)lgsbc.o:
start 000097d9 end 000097ef length    22 section .text
start 00000be7 end 00000c17 length    48 section .info.

(C:\Program Files (x86)\COSMIC\FSE_Compilers\CXSTM8\Lib\libm0.sm8)llsh.o:
start ******** end ******** length     0 section .text *** removed ***
start 00000c17 end 00000c46 length    47 section .info.

(C:\Program Files (x86)\COSMIC\FSE_Compilers\CXSTM8\Lib\libm0.sm8)lreg.o:
start 00000031 end 00000035 length     4 section .ubsct
start 00000c46 end 00000c75 length    47 section .info.

(C:\Program Files (x86)\COSMIC\FSE_Compilers\CXSTM8\Lib\libm0.sm8)lsub.o:
start ******** end ******** length     0 section .text *** removed ***
start 00000c75 end 00000ca4 length    47 section .info.

(C:\Program Files (x86)\COSMIC\FSE_Compilers\CXSTM8\Lib\libm0.sm8)ltor.o:
start 000097ef end 00009801 length    18 section .text
start 00000ca4 end 00000cd3 length    47 section .info.

(C:\Program Files (x86)\COSMIC\FSE_Compilers\CXSTM8\Lib\libm0.sm8)ludiv.o:
start 00009801 end 00009815 length    20 section .text
start 00000cd3 end 00000d03 length    48 section .info.

(C:\Program Files (x86)\COSMIC\FSE_Compilers\CXSTM8\Lib\libm0.sm8)ldiv.o:
start 00009815 end 00009900 length   235 section .text
start 00000d03 end 00000d32 length    47 section .info.

(C:\Program Files (x86)\COSMIC\FSE_Compilers\CXSTM8\Lib\libm0.sm8)lgneg.o:
start 00009900 end 00009913 length    19 section .text
start 00000d32 end 00000d62 length    48 section .info.

(C:\Program Files (x86)\COSMIC\FSE_Compilers\CXSTM8\Lib\libm0.sm8)lneg.o:
start 00009913 end 00009928 length    21 section .text
start 00000d62 end 00000d91 length    47 section .info.

(C:\Program Files (x86)\COSMIC\FSE_Compilers\CXSTM8\Lib\libm0.sm8)lursh.o:
start ******** end ******** length     0 section .text *** removed ***
start 00000d91 end 00000dc1 length    48 section .info.

(C:\Program Files (x86)\COSMIC\FSE_Compilers\CXSTM8\Lib\libm0.sm8)lzmp.o:
start 00009928 end 0000993b length    19 section .text
start 00000dc1 end 00000df0 length    47 section .info.

(C:\Program Files (x86)\COSMIC\FSE_Compilers\CXSTM8\Lib\libm0.sm8)rtol.o:
start 0000993b end 0000994d length    18 section .text
start 00000df0 end 00000e1f length    47 section .info.

(C:\Program Files (x86)\COSMIC\FSE_Compilers\CXSTM8\Lib\libm0.sm8)smul.o:
start ******** end ******** length     0 section .text *** removed ***
start 00000e1f end 00000e4e length    47 section .info.

(C:\Program Files (x86)\COSMIC\FSE_Compilers\CXSTM8\Lib\libm0.sm8)umul.o:
start 0000994d end 00009989 length    60 section .text
start 00000e4e end 00000e7d length    47 section .info.

(C:\Program Files (x86)\COSMIC\FSE_Compilers\CXSTM8\Lib\libm0.sm8)xreg.o:
start 00000035 end 00000038 length     3 section .ubsct
start 00000e7d end 00000eac length    47 section .info.

(C:\Program Files (x86)\COSMIC\FSE_Compilers\CXSTM8\Lib\libm0.sm8)yreg.o:
start 00000038 end 0000003b length     3 section .ubsct
start 00000eac end 00000edb length    47 section .info.

Debug\stm8_interrupt_vector.o:
start 00009989 end 0000998a length     1 section .text
start 0000a9f1 end 0000ab5c length   363 section .debug
start 00000edb end 00000f64 length   137 section .info.
start 00008000 end 00008080 length   128 section .const


                             -----------
                             Stack usage
                             -----------

Debug\main.o:
_main                              >   20   (2)

Debug\menu.o:
_handle_buttons                         7   (2)
_init_menu                              8   (2)
_task_menu                              4   (2)
_tmr_menu                               2   (2)

Debug\motor.o:
_init_motor                        >    2   (2)
_set_position                      >    2   (2)
_speed_down                        >    2   (2)
_speed_up                          >    2   (2)
_task_motor                             2   (2)
_tmr_motor                              2   (2)

Debug\pressure_sensor.o:
_init_pressure_sensor              >    2   (2)
_test_pressure_sensor              >    2   (2)
_tmr_pressure_sensor                    2   (2)

Debug\stm8_interrupt_vector.o:
f_NonHandledInterrupt              >    6   (6)

Debug\stm8s_adc1.o:
_ADC1_AWDChannelConfig             >    4   (4)
_ADC1_ClearFlag                    >    4   (4)
_ADC1_ClearITPendingBit                 5   (5)
_ADC1_Cmd                               2   (2)
_ADC1_ConversionConfig                  5   (5)
_ADC1_DataBufferCmd                     2   (2)
_ADC1_DeInit                            2   (2)
_ADC1_ExternalTriggerConfig             4   (4)
_ADC1_GetAWDChannelStatus          >    4   (4)
_ADC1_GetBufferValue               >    8   (8)
_ADC1_GetConversionValue                7   (7)
_ADC1_GetFlagStatus                >    4   (4)
_ADC1_GetITStatus                  >    5   (5)
_ADC1_ITConfig                          5   (5)
_ADC1_Init                             15   (10)
_ADC1_PrescalerConfig                   3   (3)
_ADC1_ScanModeCmd                       2   (2)
_ADC1_SchmittTriggerConfig              4   (4)
_ADC1_SetHighThreshold             >    4   (4)
_ADC1_SetLowThreshold              >    2   (2)
_ADC1_StartConversion                   2   (2)

Debug\stm8s_clk.o:
_CLK_AdjustHSICalibrationValue     >    3   (3)
_CLK_CCOCmd                        >    2   (2)
_CLK_CCOConfig                     >    3   (3)
_CLK_ClearITPendingBit             >    2   (2)
_CLK_ClockSecuritySystemEnable     >    2   (2)
_CLK_ClockSwitchCmd                >    2   (2)
_CLK_ClockSwitchConfig             >   10   (10)
_CLK_DeInit                        >    2   (2)
_CLK_FastHaltWakeUpCmd             >    2   (2)
_CLK_GetClockFreq                  >   25   (11)
_CLK_GetFlagStatus                 >    7   (7)
_CLK_GetITStatus                   >    4   (4)
_CLK_GetSYSCLKSource               >    2   (2)
_CLK_HSECmd                        >    2   (2)
_CLK_HSICmd                        >    2   (2)
_CLK_HSIPrescalerConfig                 3   (3)
_CLK_ITConfig                      >    4   (4)
_CLK_LSICmd                        >    2   (2)
_CLK_PeripheralClockConfig         >    4   (4)
_CLK_SWIMConfig                    >    2   (2)
_CLK_SYSCLKConfig                  >    3   (3)
_CLK_SYSCLKEmergencyClear          >    2   (2)
_CLK_SlowActiveHaltWakeUpCmd       >    2   (2)

Debug\stm8s_exti.o:
_EXTI_DeInit                            2   (2)
_EXTI_GetExtIntSensitivity         >    3   (3)
_EXTI_GetTLISensitivity            >    3   (3)
_EXTI_SetExtIntSensitivity              4   (4)
_EXTI_SetTLISensitivity                 2   (2)

Debug\stm8s_flash.o:
_FLASH_DeInit                      >    2   (2)
_FLASH_EraseBlock                  >   13   (11)
_FLASH_EraseByte                   >    6   (6)
_FLASH_EraseOptionByte             >    9   (4)
_FLASH_GetBootSize                 >    9   (6)
_FLASH_GetFlagStatus                    3   (3)
_FLASH_GetLowPowerMode             >    2   (2)
_FLASH_GetProgrammingTime          >    2   (2)
_FLASH_ITConfig                    >    2   (2)
_FLASH_Lock                        >    2   (2)
_FLASH_ProgramBlock                >   16   (14)
_FLASH_ProgramByte                      7   (7)
_FLASH_ProgramOptionByte           >   10   (5)
_FLASH_ProgramWord                 >   10   (10)
_FLASH_ReadByte                         6   (6)
_FLASH_ReadOptionByte              >    6   (6)
_FLASH_SetLowPowerMode             >    3   (3)
_FLASH_SetProgrammingTime               2   (2)
_FLASH_Unlock                           2   (2)
_FLASH_WaitForLastOperation             5   (5)

Debug\stm8s_gpio.o:
_GPIO_DeInit                       >    2   (2)
_GPIO_ExternalPullUpConfig         >    6   (6)
_GPIO_Init                              6   (6)
_GPIO_ReadInputData                >    2   (2)
_GPIO_ReadInputPin                      5   (5)
_GPIO_ReadOutputData               >    2   (2)
_GPIO_Write                        >    5   (5)
_GPIO_WriteHigh                         5   (5)
_GPIO_WriteLow                          5   (5)
_GPIO_WriteReverse                 >    5   (5)

Debug\stm8s_it.o:
f_ADC1_IRQHandler                  >   21   (12)
f_AWU_IRQHandler                   >    6   (6)
f_CLK_IRQHandler                   >    6   (6)
f_EEPROM_EEC_IRQHandler            >    6   (6)
f_EXTI_PORTA_IRQHandler            >    6   (6)
f_EXTI_PORTB_IRQHandler            >    6   (6)
f_EXTI_PORTC_IRQHandler            >   19   (12)
f_EXTI_PORTD_IRQHandler            >    6   (6)
f_EXTI_PORTE_IRQHandler            >    6   (6)
f_I2C_IRQHandler                   >    6   (6)
f_SPI_IRQHandler                   >    6   (6)
f_TIM1_CAP_COM_IRQHandler          >    6   (6)
f_TIM1_UPD_OVF_TRG_BRK_IRQHandler  >    6   (6)
f_TIM2_CAP_COM_IRQHandler          >    6   (6)
f_TIM2_UPD_OVF_BRK_IRQHandler      >    6   (6)
f_TIM4_UPD_OVF_IRQHandler          >   24   (12)
f_TLI_IRQHandler                   >    6   (6)
f_TRAP_IRQHandler                  >    6   (6)
f_UART1_RX_IRQHandler              >    6   (6)
f_UART1_TX_IRQHandler              >    6   (6)

Debug\stm8s_tim4.o:
_TIM4_ARRPreloadConfig             >    2   (2)
_TIM4_ClearFlag                         2   (2)
_TIM4_ClearITPendingBit                 2   (2)
_TIM4_Cmd                               2   (2)
_TIM4_DeInit                       >    2   (2)
_TIM4_GenerateEvent                >    2   (2)
_TIM4_GetCounter                   >    2   (2)
_TIM4_GetFlagStatus                >    3   (3)
_TIM4_GetITStatus                  >    5   (5)
_TIM4_GetPrescaler                 >    2   (2)
_TIM4_ITConfig                          4   (4)
_TIM4_PrescalerConfig              >    2   (2)
_TIM4_SelectOnePulseMode           >    2   (2)
_TIM4_SetAutoreload                >    2   (2)
_TIM4_SetCounter                   >    2   (2)
_TIM4_TimeBaseInit                      2   (2)
_TIM4_UpdateDisableConfig          >    2   (2)
_TIM4_UpdateRequestConfig          >    2   (2)

Debug\user_adc.o:
_init_adc                              17   (2)
_read_adc                               9   (2)

Debug\user_buzzer.o:
_init_buzzer                            2   (2)
_set_buzzer                        >    6   (6)
_tmr_buzzer                             2   (2)

Debug\user_display.o:
_dec2bcd                                4   (4)
_init_display                           8   (2)
_set_display                       >   10   (6)
_set_option_display                     2   (2)
_task_display                           2   (2)
_tmr_display                           10   (2)
_wr_digit                               8   (3)

Debug\user_eeprom.o:
_calc_checksum                          6   (6)
_flash_config                           5   (2)
_init_eeprom                           18   (2)
_read_eeprom                           15   (9)
_save_eeprom                           16   (9)
_set_default                            2   (2)

Debug\user_led.o:
_init_led                          >    2   (2)
_set_led                           >    4   (4)
_tmr_led                                2   (2)

Debug\user_timer.o:
_CLK_Config                             5   (2)
_TIM4_Config                            6   (2)
_delay                             >    8   (6)
_init_timer                             8   (2)
_pool_tick                              2   (2)
_task_timer                            12   (2)

Debug\user_uart.o:
_init_uart                              2   (2)
_send_uart                         >    2   (2)

Stack size: 49


                              ---------
                              Call tree
                              ---------
   1 > _ADC1_AWDChannelConfig: (4)

   2 > _ADC1_ClearFlag: (4)

   3 > _ADC1_GetAWDChannelStatus: (4)

   4 > _ADC1_GetBufferValue: (8)

   5 > _ADC1_GetFlagStatus: (4)

   6 > _ADC1_GetITStatus: (5)

   7 > _ADC1_SetHighThreshold: (4)

   8 > _ADC1_SetLowThreshold: (2)

   9 > _CLK_AdjustHSICalibrationValue: (3)

  10 > _CLK_CCOCmd: (2)

  11 > _CLK_CCOConfig: (3)

  12 > _CLK_ClearITPendingBit: (2)

  13 > _CLK_ClockSecuritySystemEnable: (2)

  14 > _CLK_ClockSwitchCmd: (2)

  15 > _CLK_ClockSwitchConfig: (10)

  16 > _CLK_DeInit: (2)

  17 > _CLK_FastHaltWakeUpCmd: (2)

  18 > _CLK_GetClockFreq: (11)

  19 > _CLK_GetFlagStatus: (7)

  20 > _CLK_GetITStatus: (4)

  21 > _CLK_GetSYSCLKSource: (2)

  22 > _CLK_HSECmd: (2)

  23 > _CLK_HSICmd: (2)

  24 > _CLK_ITConfig: (4)

  25 > _CLK_LSICmd: (2)

  26 > _CLK_PeripheralClockConfig: (4)

  27 > _CLK_SWIMConfig: (2)

  28 > _CLK_SYSCLKConfig: (3)

  29 > _CLK_SYSCLKEmergencyClear: (2)

  30 > _CLK_SlowActiveHaltWakeUpCmd: (2)

  31 > _EXTI_GetExtIntSensitivity: (3)

  32 > _EXTI_GetTLISensitivity: (3)

  33 > _FLASH_DeInit: (2)

  34 > _FLASH_EraseBlock: (11)

  35 > _FLASH_EraseByte: (6)

  36 > _FLASH_EraseOptionByte: (4)
  37      + _FLASH_WaitForLastOperation: (5)
       
  38 > _FLASH_GetBootSize: (6)

  39 > _FLASH_GetLowPowerMode: (2)

  40 > _FLASH_GetProgrammingTime: (2)

  41 > _FLASH_ITConfig: (2)

  42 > _FLASH_Lock: (2)

  43 > _FLASH_ProgramBlock: (14)

  44 > _FLASH_ProgramOptionByte: (5)
  45      + _FLASH_WaitForLastOperation --> 37
       
  46 > _FLASH_ProgramWord: (10)

  47 > _FLASH_ReadOptionByte: (6)

  48 > _FLASH_SetLowPowerMode: (3)

  49 > _GPIO_DeInit: (2)

  50 > _GPIO_ExternalPullUpConfig: (6)

  51 > _GPIO_ReadInputData: (2)

  52 > _GPIO_ReadOutputData: (2)

  53 > _GPIO_Write: (5)

  54 > _GPIO_WriteReverse: (5)

  55 > _TIM4_ARRPreloadConfig: (2)

  56 > _TIM4_DeInit: (2)

  57 > _TIM4_GenerateEvent: (2)

  58 > _TIM4_GetCounter: (2)

  59 > _TIM4_GetFlagStatus: (3)

  60 > _TIM4_GetITStatus: (5)

  61 > _TIM4_GetPrescaler: (2)

  62 > _TIM4_PrescalerConfig: (2)

  63 > _TIM4_SelectOnePulseMode: (2)

  64 > _TIM4_SetAutoreload: (2)

  65 > _TIM4_SetCounter: (2)

  66 > _TIM4_UpdateDisableConfig: (2)

  67 > _TIM4_UpdateRequestConfig: (2)

  68 > __stext: (0)

  69 > _delay: (6)

  70 > _init_led: (2)

  71 > _init_motor: (2)

  72 > _init_pressure_sensor: (2)

  73 > _main: (2)
  74      + _init_adc: (2)
  75      |    + _ADC1_Cmd: (2)
  76      |    + _ADC1_DataBufferCmd: (2)
  77      |    + _ADC1_DeInit: (2)
  78      |    + _ADC1_ITConfig: (5)
  79      |    + _ADC1_Init: (10)
  80      |    |    + _ADC1_ConversionConfig: (5)
  81      |    |    + _ADC1_ExternalTriggerConfig: (4)
  82      |    |    + _ADC1_PrescalerConfig: (3)
  83      |    |    + _ADC1_SchmittTriggerConfig: (4)
          |    | 
  84      |    + _ADC1_ScanModeCmd: (2)
  85      |    + _ADC1_StartConversion: (2)
  86      |    + _GPIO_Init: (6)
          | 
  87      + _init_buzzer: (2)
  88      + _init_display: (2)
  89      |    + _GPIO_Init --> 86
  90      |    + _GPIO_WriteHigh: (5)
          | 
  91      + _init_eeprom: (2)
  92      |    + _calc_checksum: (6)
  93      |    + _flash_config: (2)
  94      |    |    + _FLASH_GetFlagStatus: (3)
  95      |    |    + _FLASH_SetProgrammingTime: (2)
  96      |    |    + _FLASH_Unlock: (2)
          |    | 
  97      |    + _read_eeprom: (9)
  98      |    |    + _FLASH_ReadByte: (6)
          |    | 
  99      |    + _save_eeprom: (9)
 100      |    |    + _FLASH_ProgramByte: (7)
 101      |    |    + _calc_checksum --> 92
          |    | 
 102      |    + _set_default: (2)
          | 
 103      + _init_menu: (2)
 104      |    + _EXTI_DeInit: (2)
 105      |    + _EXTI_SetExtIntSensitivity: (4)
 106      |    + _EXTI_SetTLISensitivity: (2)
 107      |    + _GPIO_Init --> 86
          | 
 108      + _init_timer: (2)
 109      |    + _CLK_Config: (2)
 110      |    |    + _CLK_HSIPrescalerConfig: (3)
          |    | 
 111      |    + _TIM4_Config: (2)
 112      |    |    + _TIM4_ClearFlag: (2)
 113      |    |    + _TIM4_Cmd: (2)
 114      |    |    + _TIM4_ITConfig: (4)
 115      |    |    + _TIM4_TimeBaseInit: (2)
          |    | 
          | 
 116      + _init_uart: (2)
 117      + _pool_tick: (2)
 118      + _task_display: (2)
 119      + _task_menu: (2)
 120      |    + _set_option_display: (2)
          | 
 121      + _task_motor: (2)
       
 122 > _send_uart: (2)

 123 > _set_buzzer: (6)

 124 > _set_display: (6)
 125      + _dec2bcd: (4)
       
 126 > _set_led: (4)

 127 > _set_position: (2)

 128 > _speed_down: (2)

 129 > _speed_up: (2)

 130 > _test_pressure_sensor: (2)

 131 > f_ADC1_IRQHandler: (12)
 132      + _read_adc: (2)
 133      |    + _ADC1_ClearITPendingBit: (5)
 134      |    + _ADC1_GetConversionValue: (7)
          | 
       
 135 > f_AWU_IRQHandler: (6)

 136 > f_CLK_IRQHandler: (6)

 137 > f_EEPROM_EEC_IRQHandler: (6)

 138 > f_EXTI_PORTA_IRQHandler: (6)

 139 > f_EXTI_PORTB_IRQHandler: (6)

 140 > f_EXTI_PORTC_IRQHandler: (12)
 141      + _handle_buttons: (2)
 142      |    + _GPIO_ReadInputPin: (5)
          | 
       
 143 > f_EXTI_PORTD_IRQHandler: (6)

 144 > f_EXTI_PORTE_IRQHandler: (6)

 145 > f_I2C_IRQHandler: (6)

 146 > f_NonHandledInterrupt: (6)

 147 > f_SPI_IRQHandler: (6)

 148 > f_TIM1_CAP_COM_IRQHandler: (6)

 149 > f_TIM1_UPD_OVF_TRG_BRK_IRQHandler: (6)

 150 > f_TIM2_CAP_COM_IRQHandler: (6)

 151 > f_TIM2_UPD_OVF_BRK_IRQHandler: (6)

 152 > f_TIM4_UPD_OVF_IRQHandler: (12)
 153      + _TIM4_ClearITPendingBit: (2)
 154      + _task_timer: (2)
 155      |    + _tmr_buzzer: (2)
 156      |    + _tmr_display: (2)
 157      |    |    + _GPIO_WriteHigh --> 90
 158      |    |    + _GPIO_WriteLow: (5)
 159      |    |    + _wr_digit: (3)
 160      |    |    |    + _GPIO_WriteHigh --> 90
 161      |    |    |    + _GPIO_WriteLow --> 158
          |    |    | 
          |    | 
 162      |    + _tmr_led: (2)
 163      |    + _tmr_menu: (2)
 164      |    + _tmr_motor: (2)
 165      |    + _tmr_pressure_sensor: (2)
          | 
       
 166 > f_TLI_IRQHandler: (6)

 167 > f_TRAP_IRQHandler: (6)

 168 > f_UART1_RX_IRQHandler: (6)

 169 > f_UART1_TX_IRQHandler: (6)

 170   _ADC1_ClearITPendingBit --> 133

 171   _ADC1_Cmd --> 75

 172   _ADC1_ConversionConfig --> 80

 173   _ADC1_DataBufferCmd --> 76

 174   _ADC1_DeInit --> 77

 175   _ADC1_ExternalTriggerConfig --> 81

 176   _ADC1_GetConversionValue --> 134

 177   _ADC1_ITConfig --> 78

 178   _ADC1_Init --> 79

 179   _ADC1_PrescalerConfig --> 82

 180   _ADC1_ScanModeCmd --> 84

 181   _ADC1_SchmittTriggerConfig --> 83

 182   _ADC1_StartConversion --> 85

 183   _CLK_Config --> 109

 184   _CLK_HSIPrescalerConfig --> 110

 185   _EXTI_DeInit --> 104

 186   _EXTI_SetExtIntSensitivity --> 105

 187   _EXTI_SetTLISensitivity --> 106

 188   _FLASH_GetFlagStatus --> 94

 189   _FLASH_ProgramByte --> 100

 190   _FLASH_ReadByte --> 98

 191   _FLASH_SetProgrammingTime --> 95

 192   _FLASH_Unlock --> 96

 193   _FLASH_WaitForLastOperation --> 37

 194   _GPIO_Init --> 86

 195   _GPIO_ReadInputPin --> 142

 196   _GPIO_WriteHigh --> 90

 197   _GPIO_WriteLow --> 158

 198   _TIM4_ClearFlag --> 112

 199   _TIM4_ClearITPendingBit --> 153

 200   _TIM4_Cmd --> 113

 201   _TIM4_Config --> 111

 202   _TIM4_ITConfig --> 114

 203   _TIM4_TimeBaseInit --> 115

 204   _calc_checksum --> 92

 205   _dec2bcd --> 125

 206   _flash_config --> 93

 207   _handle_buttons --> 141

 208   _init_adc --> 74

 209   _init_buzzer --> 87

 210   _init_display --> 88

 211   _init_eeprom --> 91

 212   _init_menu --> 103

 213   _init_timer --> 108

 214   _init_uart --> 116

 215   _pool_tick --> 117

 216   _read_adc --> 132

 217   _read_eeprom --> 97

 218   _save_eeprom --> 99

 219   _set_default --> 102

 220   _set_option_display --> 120

 221   _task_display --> 118

 222   _task_menu --> 119

 223   _task_motor --> 121

 224   _task_timer --> 154

 225   _tmr_buzzer --> 155

 226   _tmr_display --> 156

 227   _tmr_led --> 162

 228   _tmr_menu --> 163

 229   _tmr_motor --> 164

 230   _tmr_pressure_sensor --> 165

 231   _wr_digit --> 159



                               -------
                               Symbols
                               -------

_ADC1_AWDChannelConfig              000083cf   defined in Debug\stm8s_adc1.o section .text
_ADC1_ClearFlag                     00008532   defined in Debug\stm8s_adc1.o section .text
_ADC1_ClearITPendingBit             000085db   defined in Debug\stm8s_adc1.o section .text
                                               used in Debug\user_adc.o
_ADC1_Cmd                           00008253   defined in Debug\stm8s_adc1.o section .text
                                               used in Debug\user_adc.o
_ADC1_ConversionConfig              00008337   defined in Debug\stm8s_adc1.o section .text
_ADC1_DataBufferCmd                 0000826f   defined in Debug\stm8s_adc1.o section .text
                                               used in Debug\user_adc.o
_ADC1_DeInit                        000081fa   defined in Debug\stm8s_adc1.o section .text
                                               used in Debug\user_adc.o
_ADC1_ExternalTriggerConfig         00008365   defined in Debug\stm8s_adc1.o section .text
_ADC1_GetAWDChannelStatus           000084a8   defined in Debug\stm8s_adc1.o section .text
_ADC1_GetBufferValue                0000844f   defined in Debug\stm8s_adc1.o section .text
_ADC1_GetConversionValue            0000838b   defined in Debug\stm8s_adc1.o section .text
                                               used in Debug\user_adc.o
_ADC1_GetFlagStatus                 000084d8   defined in Debug\stm8s_adc1.o section .text
_ADC1_GetITStatus                   0000858d   defined in Debug\stm8s_adc1.o section .text
_ADC1_ITConfig                      0000827d   defined in Debug\stm8s_adc1.o section .text
                                               used in Debug\user_adc.o
_ADC1_Init                          0000822b   defined in Debug\stm8s_adc1.o section .text
                                               used in Debug\user_adc.o
_ADC1_PrescalerConfig               00008296   defined in Debug\stm8s_adc1.o section .text
_ADC1_ScanModeCmd                   00008261   defined in Debug\stm8s_adc1.o section .text
                                               used in Debug\user_adc.o
_ADC1_SchmittTriggerConfig          000082a9   defined in Debug\stm8s_adc1.o section .text
_ADC1_SetHighThreshold              00008436   defined in Debug\stm8s_adc1.o section .text
_ADC1_SetLowThreshold               00008444   defined in Debug\stm8s_adc1.o section .text
_ADC1_StartConversion               00008386   defined in Debug\stm8s_adc1.o section .text
                                               used in Debug\user_adc.o
_CLKPrescTable                      00008084   defined in Debug\stm8s_clk.o section .const
_CLK_AdjustHSICalibrationValue      00008907   defined in Debug\stm8s_clk.o section .text
_CLK_CCOCmd                         0000869d   defined in Debug\stm8s_clk.o section .text
_CLK_CCOConfig                      00008800   defined in Debug\stm8s_clk.o section .text
_CLK_ClearITPendingBit              000089a2   defined in Debug\stm8s_clk.o section .text
_CLK_ClockSecuritySystemEnable      0000888a   defined in Debug\stm8s_clk.o section .text
_CLK_ClockSwitchCmd                 000086ab   defined in Debug\stm8s_clk.o section .text
_CLK_ClockSwitchConfig              00008733   defined in Debug\stm8s_clk.o section .text
_CLK_Config                         00009714   defined in Debug\user_timer.o section .text
_CLK_DeInit                         0000862d   defined in Debug\stm8s_clk.o section .text
_CLK_FastHaltWakeUpCmd              00008665   defined in Debug\stm8s_clk.o section .text
_CLK_GetClockFreq                   00008893   defined in Debug\stm8s_clk.o section .text
                                               used in Debug\stm8s_uart1.o
_CLK_GetFlagStatus                  00008919   defined in Debug\stm8s_clk.o section .text
_CLK_GetITStatus                    00008976   defined in Debug\stm8s_clk.o section .text
_CLK_GetSYSCLKSource                0000888f   defined in Debug\stm8s_clk.o section .text
_CLK_HSECmd                         00008673   defined in Debug\stm8s_clk.o section .text
_CLK_HSICmd                         00008681   defined in Debug\stm8s_clk.o section .text
_CLK_HSIPrescalerConfig             000087ed   defined in Debug\stm8s_clk.o section .text
                                               used in Debug\user_timer.o
_CLK_ITConfig                       00008817   defined in Debug\stm8s_clk.o section .text
_CLK_LSICmd                         0000868f   defined in Debug\stm8s_clk.o section .text
_CLK_PeripheralClockConfig          000086c7   defined in Debug\stm8s_clk.o section .text
_CLK_SWIMConfig                     0000887c   defined in Debug\stm8s_clk.o section .text
_CLK_SYSCLKConfig                   0000884f   defined in Debug\stm8s_clk.o section .text
_CLK_SYSCLKEmergencyClear           00008914   defined in Debug\stm8s_clk.o section .text
_CLK_SlowActiveHaltWakeUpCmd        000086b9   defined in Debug\stm8s_clk.o section .text
_EXTI_DeInit                        00008112   defined in Debug\stm8s_exti.o section .text
                                               used in Debug\menu.o
_EXTI_GetExtIntSensitivity          0000819f   defined in Debug\stm8s_exti.o section .text
_EXTI_GetTLISensitivity             000081ed   defined in Debug\stm8s_exti.o section .text
_EXTI_SetExtIntSensitivity          0000811b   defined in Debug\stm8s_exti.o section .text
                                               used in Debug\menu.o
_EXTI_SetTLISensitivity             00008194   defined in Debug\stm8s_exti.o section .text
                                               used in Debug\menu.o
_FLASH_DeInit                       000089cf   defined in Debug\stm8s_flash.o section .text
_FLASH_EraseBlock                   00008b5c   defined in Debug\stm8s_flash.o section .text
_FLASH_EraseByte                    000089f5   defined in Debug\stm8s_flash.o section .text
_FLASH_EraseOptionByte              00008a53   defined in Debug\stm8s_flash.o section .text
_FLASH_GetBootSize                  00008ae4   defined in Debug\stm8s_flash.o section .text
_FLASH_GetFlagStatus                00008b1b   defined in Debug\stm8s_flash.o section .text
                                               used in Debug\user_eeprom.o
_FLASH_GetLowPowerMode              00008ad8   defined in Debug\stm8s_flash.o section .text
_FLASH_GetProgrammingTime           00008ade   defined in Debug\stm8s_flash.o section .text
_FLASH_ITConfig                     000089e7   defined in Debug\stm8s_flash.o section .text
_FLASH_Lock                         000089c8   defined in Debug\stm8s_flash.o section .text
_FLASH_ProgramBlock                 00008ba9   defined in Debug\stm8s_flash.o section .text
_FLASH_ProgramByte                  000089f9   defined in Debug\stm8s_flash.o section .text
                                               used in Debug\user_eeprom.o
_FLASH_ProgramOptionByte            00008a23   defined in Debug\stm8s_flash.o section .text
_FLASH_ProgramWord                  00008a03   defined in Debug\stm8s_flash.o section .text
_FLASH_ReadByte                     000089ff   defined in Debug\stm8s_flash.o section .text
                                               used in Debug\user_eeprom.o
_FLASH_ReadOptionByte               00008a7c   defined in Debug\stm8s_flash.o section .text
_FLASH_SetLowPowerMode              00008aba   defined in Debug\stm8s_flash.o section .text
_FLASH_SetProgrammingTime           00008acd   defined in Debug\stm8s_flash.o section .text
                                               used in Debug\user_eeprom.o
_FLASH_Unlock                       000089b1   defined in Debug\stm8s_flash.o section .text
                                               used in Debug\user_eeprom.o
_FLASH_WaitForLastOperation         00008b2e   defined in Debug\stm8s_flash.o section .text
_GPIO_DeInit                        00008c0c   defined in Debug\stm8s_gpio.o section .text
_GPIO_ExternalPullUpConfig          00008ca6   defined in Debug\stm8s_gpio.o section .text
_GPIO_Init                          00008c14   defined in Debug\stm8s_gpio.o section .text
                                               used in Debug\menu.o
                                                       Debug\user_adc.o
                                                       Debug\user_display.o
_GPIO_ReadInputData                 00008c9c   defined in Debug\stm8s_gpio.o section .text
_GPIO_ReadInputPin                  00008c9f   defined in Debug\stm8s_gpio.o section .text
                                               used in Debug\menu.o
_GPIO_ReadOutputData                00008c9a   defined in Debug\stm8s_gpio.o section .text
_GPIO_Write                         00008c7c   defined in Debug\stm8s_gpio.o section .text
_GPIO_WriteHigh                     00008c84   defined in Debug\stm8s_gpio.o section .text
                                               used in Debug\user_display.o
_GPIO_WriteLow                      00008c8b   defined in Debug\stm8s_gpio.o section .text
                                               used in Debug\user_display.o
_GPIO_WriteReverse                  00008c93   defined in Debug\stm8s_gpio.o section .text
_HSIDivFactor                       00008080   defined in Debug\stm8s_clk.o section .const
_TIM2_ARRPreloadConfig              ********   *** removed from Debug\stm8s_tim2.o ***
_TIM2_CCxCmd                        ********   *** removed from Debug\stm8s_tim2.o ***
_TIM2_ClearFlag                     ********   *** removed from Debug\stm8s_tim2.o ***
_TIM2_ClearITPendingBit             ********   *** removed from Debug\stm8s_tim2.o ***
_TIM2_Cmd                           ********   *** removed from Debug\stm8s_tim2.o ***
_TIM2_DeInit                        ********   *** removed from Debug\stm8s_tim2.o ***
_TIM2_ForcedOC1Config               ********   *** removed from Debug\stm8s_tim2.o ***
_TIM2_ForcedOC2Config               ********   *** removed from Debug\stm8s_tim2.o ***
_TIM2_ForcedOC3Config               ********   *** removed from Debug\stm8s_tim2.o ***
_TIM2_GenerateEvent                 ********   *** removed from Debug\stm8s_tim2.o ***
_TIM2_GetCapture1                   ********   *** removed from Debug\stm8s_tim2.o ***
_TIM2_GetCapture2                   ********   *** removed from Debug\stm8s_tim2.o ***
_TIM2_GetCapture3                   ********   *** removed from Debug\stm8s_tim2.o ***
_TIM2_GetCounter                    ********   *** removed from Debug\stm8s_tim2.o ***
_TIM2_GetFlagStatus                 ********   *** removed from Debug\stm8s_tim2.o ***
_TIM2_GetITStatus                   ********   *** removed from Debug\stm8s_tim2.o ***
_TIM2_GetPrescaler                  ********   *** removed from Debug\stm8s_tim2.o ***
_TIM2_ICInit                        ********   *** removed from Debug\stm8s_tim2.o ***
_TIM2_ITConfig                      ********   *** removed from Debug\stm8s_tim2.o ***
_TIM2_OC1Init                       ********   *** removed from Debug\stm8s_tim2.o ***
_TIM2_OC1PolarityConfig             ********   *** removed from Debug\stm8s_tim2.o ***
_TIM2_OC1PreloadConfig              ********   *** removed from Debug\stm8s_tim2.o ***
_TIM2_OC2Init                       ********   *** removed from Debug\stm8s_tim2.o ***
_TIM2_OC2PolarityConfig             ********   *** removed from Debug\stm8s_tim2.o ***
_TIM2_OC2PreloadConfig              ********   *** removed from Debug\stm8s_tim2.o ***
_TIM2_OC3Init                       ********   *** removed from Debug\stm8s_tim2.o ***
_TIM2_OC3PolarityConfig             ********   *** removed from Debug\stm8s_tim2.o ***
_TIM2_OC3PreloadConfig              ********   *** removed from Debug\stm8s_tim2.o ***
_TIM2_PWMIConfig                    ********   *** removed from Debug\stm8s_tim2.o ***
_TIM2_PrescalerConfig               ********   *** removed from Debug\stm8s_tim2.o ***
_TIM2_SelectOCxM                    ********   *** removed from Debug\stm8s_tim2.o ***
_TIM2_SelectOnePulseMode            ********   *** removed from Debug\stm8s_tim2.o ***
_TIM2_SetAutoreload                 ********   *** removed from Debug\stm8s_tim2.o ***
_TIM2_SetCompare1                   ********   *** removed from Debug\stm8s_tim2.o ***
_TIM2_SetCompare2                   ********   *** removed from Debug\stm8s_tim2.o ***
_TIM2_SetCompare3                   ********   *** removed from Debug\stm8s_tim2.o ***
_TIM2_SetCounter                    ********   *** removed from Debug\stm8s_tim2.o ***
_TIM2_SetIC1Prescaler               ********   *** removed from Debug\stm8s_tim2.o ***
_TIM2_SetIC2Prescaler               ********   *** removed from Debug\stm8s_tim2.o ***
_TIM2_SetIC3Prescaler               ********   *** removed from Debug\stm8s_tim2.o ***
_TIM2_TimeBaseInit                  ********   *** removed from Debug\stm8s_tim2.o ***
_TIM2_UpdateDisableConfig           ********   *** removed from Debug\stm8s_tim2.o ***
_TIM2_UpdateRequestConfig           ********   *** removed from Debug\stm8s_tim2.o ***
_TIM4_ARRPreloadConfig              00008d3a   defined in Debug\stm8s_tim4.o section .text
_TIM4_ClearFlag                     00008d6f   defined in Debug\stm8s_tim4.o section .text
                                               used in Debug\user_timer.o
_TIM4_ClearITPendingBit             00008d97   defined in Debug\stm8s_tim4.o section .text
                                               used in Debug\stm8s_it.o
_TIM4_Cmd                           00008ce0   defined in Debug\stm8s_tim4.o section .text
                                               used in Debug\user_timer.o
_TIM4_Config                        0000972a   defined in Debug\user_timer.o section .text
_TIM4_DeInit                        00008cbe   defined in Debug\stm8s_tim4.o section .text
_TIM4_GenerateEvent                 00008d48   defined in Debug\stm8s_tim4.o section .text
_TIM4_GetCounter                    00008d54   defined in Debug\stm8s_tim4.o section .text
_TIM4_GetFlagStatus                 00008d5c   defined in Debug\stm8s_tim4.o section .text
_TIM4_GetITStatus                   00008d74   defined in Debug\stm8s_tim4.o section .text
_TIM4_GetPrescaler                  00008d58   defined in Debug\stm8s_tim4.o section .text
_TIM4_ITConfig                      00008cee   defined in Debug\stm8s_tim4.o section .text
                                               used in Debug\user_timer.o
_TIM4_PrescalerConfig               00008d31   defined in Debug\stm8s_tim4.o section .text
_TIM4_SelectOnePulseMode            00008d23   defined in Debug\stm8s_tim4.o section .text
_TIM4_SetAutoreload                 00008d50   defined in Debug\stm8s_tim4.o section .text
_TIM4_SetCounter                    00008d4c   defined in Debug\stm8s_tim4.o section .text
_TIM4_TimeBaseInit                  00008cd7   defined in Debug\stm8s_tim4.o section .text
                                               used in Debug\user_timer.o
_TIM4_UpdateDisableConfig           00008d07   defined in Debug\stm8s_tim4.o section .text
_TIM4_UpdateRequestConfig           00008d15   defined in Debug\stm8s_tim4.o section .text
_UART1_ClearFlag                    ********   *** removed from Debug\stm8s_uart1.o ***
_UART1_ClearITPendingBit            ********   *** removed from Debug\stm8s_uart1.o ***
_UART1_Cmd                          ********   *** removed from Debug\stm8s_uart1.o ***
_UART1_DeInit                       ********   *** removed from Debug\stm8s_uart1.o ***
_UART1_GetFlagStatus                ********   *** removed from Debug\stm8s_uart1.o ***
_UART1_GetITStatus                  ********   *** removed from Debug\stm8s_uart1.o ***
_UART1_HalfDuplexCmd                ********   *** removed from Debug\stm8s_uart1.o ***
_UART1_ITConfig                     ********   *** removed from Debug\stm8s_uart1.o ***
_UART1_Init                         ********   *** removed from Debug\stm8s_uart1.o ***
_UART1_IrDACmd                      ********   *** removed from Debug\stm8s_uart1.o ***
_UART1_IrDAConfig                   ********   *** removed from Debug\stm8s_uart1.o ***
_UART1_LINBreakDetectionConfig      ********   *** removed from Debug\stm8s_uart1.o ***
_UART1_LINCmd                       ********   *** removed from Debug\stm8s_uart1.o ***
_UART1_ReceiveData8                 ********   *** removed from Debug\stm8s_uart1.o ***
_UART1_ReceiveData9                 ********   *** removed from Debug\stm8s_uart1.o ***
_UART1_ReceiverWakeUpCmd            ********   *** removed from Debug\stm8s_uart1.o ***
_UART1_SendBreak                    ********   *** removed from Debug\stm8s_uart1.o ***
_UART1_SendData8                    ********   *** removed from Debug\stm8s_uart1.o ***
_UART1_SendData9                    ********   *** removed from Debug\stm8s_uart1.o ***
_UART1_SetAddress                   ********   *** removed from Debug\stm8s_uart1.o ***
_UART1_SetGuardTime                 ********   *** removed from Debug\stm8s_uart1.o ***
_UART1_SetPrescaler                 ********   *** removed from Debug\stm8s_uart1.o ***
_UART1_SmartCardCmd                 ********   *** removed from Debug\stm8s_uart1.o ***
_UART1_SmartCardNACKCmd             ********   *** removed from Debug\stm8s_uart1.o ***
_UART1_WakeUpConfig                 ********   *** removed from Debug\stm8s_uart1.o ***
__endmem                            000001ff   defined in command file
                                               *** not used ***
__endzp                             0000003b   defined in command file section .ubsct
                                               used in C:\Program Files (x86)\COSMIC\FSE_Compilers\CXSTM8\Lib\crtsi0.sm8
__idesc__                           000080a0   defined in linker section .init
                                               used in C:\Program Files (x86)\COSMIC\FSE_Compilers\CXSTM8\Lib\crtsi0.sm8
__memory                            00000100   defined in command file section .bss
                                               used in C:\Program Files (x86)\COSMIC\FSE_Compilers\CXSTM8\Lib\crtsi0.sm8
__stack                             000003ff   defined in command file
                                               used in C:\Program Files (x86)\COSMIC\FSE_Compilers\CXSTM8\Lib\crtsi0.sm8
__startmem                          00000100   defined in command file section .bss
                                               *** not used ***
__stext                             000080c2   defined in C:\Program Files (x86)\COSMIC\FSE_Compilers\CXSTM8\Lib\crtsi0.sm8 section .text
                                               used in Debug\stm8_interrupt_vector.o
__vectab                            00008000   defined in Debug\stm8_interrupt_vector.o section .const
_adc_val                            0000000c   defined in Debug\user_adc.o section .bsct, initialized
_buzzer                             ********   *** removed from Debug\user_buzzer.o ***
_calc_checksum                      000096cc   defined in Debug\user_eeprom.o section .text
_dec2bcd                            00008f04   defined in Debug\user_display.o section .text
_delay                              00009719   defined in Debug\user_timer.o section .text
_display_num                        0000000e   defined in Debug\user_display.o section .bsct, initialized
_dp                                 00000011   defined in Debug\user_display.o section .bsct, initialized
_eeprom                             0000001c   defined in Debug\user_eeprom.o section .ubsct
_exit                               00008110   defined in C:\Program Files (x86)\COSMIC\FSE_Compilers\CXSTM8\Lib\crtsi0.sm8 section .text
_flash_config                       000096f4   defined in Debug\user_eeprom.o section .text
_handle_buttons                     00008e64   defined in Debug\menu.o section .text
                                               used in Debug\stm8s_it.o
_init_adc                           00008e98   defined in Debug\user_adc.o section .text
                                               used in Debug\main.o
_init_application                   ********   *** removed from Debug\application.o ***
_init_buzzer                        00008f01   defined in Debug\user_buzzer.o section .text
                                               used in Debug\main.o
_init_display                       00009571   defined in Debug\user_display.o section .text
                                               used in Debug\main.o
_init_eeprom                        00009606   defined in Debug\user_eeprom.o section .text
                                               used in Debug\main.o
_init_led                           00009706   defined in Debug\user_led.o section .text
_init_menu                          00008e3e   defined in Debug\menu.o section .text
                                               used in Debug\main.o
_init_motor                         00008e92   defined in Debug\motor.o section .text
_init_pressure_sensor               00008e3b   defined in Debug\pressure_sensor.o section .text
_init_pwm                           ********   *** removed from Debug\user_pwm.o ***
_init_timer                         0000970f   defined in Debug\user_timer.o section .text
                                               used in Debug\main.o
_init_uart                          00009773   defined in Debug\user_uart.o section .text
                                               used in Debug\main.o
_main                               00008d9c   defined in Debug\main.o section .text
                                               used in C:\Program Files (x86)\COSMIC\FSE_Compilers\CXSTM8\Lib\crtsi0.sm8
_menu_options                       00000000   defined in Debug\menu.o section .bsct, initialized
_menu_timer                         0000001a   defined in Debug\menu.o section .ubsct
_motor                              ********   *** removed from Debug\motor.o ***
_num_option                         0000000a   defined in Debug\menu.o section .bsct, initialized
_pool_tick                          00009709   defined in Debug\user_timer.o section .text
                                               used in Debug\main.o
_read_adc                           00008ee1   defined in Debug\user_adc.o section .text
                                               used in Debug\stm8s_it.o
_read_eeprom                        00009641   defined in Debug\user_eeprom.o section .text
_save_eeprom                        00009686   defined in Debug\user_eeprom.o section .text
_self_test                          ********   *** removed from Debug\application.o ***
_send_uart                          00009774   defined in Debug\user_uart.o section .text
_set_buzzer                         00008f02   defined in Debug\user_buzzer.o section .text
_set_default                        00009617   defined in Debug\user_eeprom.o section .text
_set_display                        00008f21   defined in Debug\user_display.o section .text
_set_led                            00009708   defined in Debug\user_led.o section .text
_set_option_display                 00008f46   defined in Debug\user_display.o section .text
                                               used in Debug\menu.o
_set_position                       00008e95   defined in Debug\motor.o section .text
_set_pwm                            ********   *** removed from Debug\user_pwm.o ***
_speed_down                         00008e94   defined in Debug\motor.o section .text
_speed_up                           00008e93   defined in Debug\motor.o section .text
_task_display                       000094f9   defined in Debug\user_display.o section .text
                                               used in Debug\main.o
_task_menu                          00008e7c   defined in Debug\menu.o section .text
                                               used in Debug\main.o
_task_motor                         00008e97   defined in Debug\motor.o section .text
                                               used in Debug\main.o
_task_timer                         00009742   defined in Debug\user_timer.o section .text
                                               used in Debug\stm8s_it.o
_test_pressure_sensor               00008e3c   defined in Debug\pressure_sensor.o section .text
_tick                               00000030   defined in Debug\user_timer.o section .ubsct
                                               used in Debug\menu.o
                                                       Debug\user_display.o
_timer_tick                         00000019   defined in Debug\user_timer.o section .bsct, initialized
_tmr_buzzer                         00008f03   defined in Debug\user_buzzer.o section .text
                                               used in Debug\user_timer.o
_tmr_delay                          00000015   defined in Debug\user_timer.o section .bsct, initialized
_tmr_display                        000094ff   defined in Debug\user_display.o section .text
                                               used in Debug\user_timer.o
_tmr_led                            00009707   defined in Debug\user_led.o section .text
                                               used in Debug\user_timer.o
_tmr_menu                           00008e58   defined in Debug\menu.o section .text
                                               used in Debug\user_timer.o
_tmr_motor                          00008e96   defined in Debug\motor.o section .text
                                               used in Debug\user_timer.o
_tmr_pressure_sensor                00008e3d   defined in Debug\pressure_sensor.o section .text
                                               used in Debug\user_timer.o
_wr_digit                           00008f4d   defined in Debug\user_display.o section .text
c_cmulx                             00009775   defined in (C:\Program Files (x86)\COSMIC\FSE_Compilers\CXSTM8\Lib\libm0.sm8)cmulx.o section .text
                                               used in Debug\stm8s_flash.o
c_divsl                             00009815   defined in (C:\Program Files (x86)\COSMIC\FSE_Compilers\CXSTM8\Lib\libm0.sm8)ldiv.o section .text
                                               *** not used ***
c_divul                             0000982c   defined in (C:\Program Files (x86)\COSMIC\FSE_Compilers\CXSTM8\Lib\libm0.sm8)ldiv.o section .text
                                               used in (C:\Program Files (x86)\COSMIC\FSE_Compilers\CXSTM8\Lib\libm0.sm8)ludiv.o
c_ladc                              00009789   defined in (C:\Program Files (x86)\COSMIC\FSE_Compilers\CXSTM8\Lib\libm0.sm8)ladc.o section .text
                                               used in Debug\user_eeprom.o
c_ladd                              0000979a   defined in (C:\Program Files (x86)\COSMIC\FSE_Compilers\CXSTM8\Lib\libm0.sm8)ladd.o section .text
                                               used in Debug\stm8s_flash.o
c_lgadc                             000097b2   defined in (C:\Program Files (x86)\COSMIC\FSE_Compilers\CXSTM8\Lib\libm0.sm8)lgadc.o section .text
                                               used in Debug\user_eeprom.o
c_lgadd                             000097c2   defined in (C:\Program Files (x86)\COSMIC\FSE_Compilers\CXSTM8\Lib\libm0.sm8)lgadd.o section .text
                                               used in Debug\stm8s_flash.o
c_lgneg                             00009900   defined in (C:\Program Files (x86)\COSMIC\FSE_Compilers\CXSTM8\Lib\libm0.sm8)lgneg.o section .text
                                               used in (C:\Program Files (x86)\COSMIC\FSE_Compilers\CXSTM8\Lib\libm0.sm8)ldiv.o
c_lgsbc                             000097d9   defined in (C:\Program Files (x86)\COSMIC\FSE_Compilers\CXSTM8\Lib\libm0.sm8)lgsbc.o section .text
                                               used in Debug\user_timer.o
c_llsh                              ********   *** removed from (C:\Program Files (x86)\COSMIC\FSE_Compilers\CXSTM8\Lib\libm0.sm8)llsh.o ***
c_lneg                              00009913   defined in (C:\Program Files (x86)\COSMIC\FSE_Compilers\CXSTM8\Lib\libm0.sm8)lneg.o section .text
                                               used in (C:\Program Files (x86)\COSMIC\FSE_Compilers\CXSTM8\Lib\libm0.sm8)ldiv.o
c_lreg                              00000031   defined in (C:\Program Files (x86)\COSMIC\FSE_Compilers\CXSTM8\Lib\libm0.sm8)lreg.o section .ubsct
                                               used in Debug\stm8s_clk.o
                                                       Debug\stm8s_flash.o
                                                       Debug\stm8s_uart1.o
                                                       Debug\user_eeprom.o
                                                       (C:\Program Files (x86)\COSMIC\FSE_Compilers\CXSTM8\Lib\libm0.sm8)cmulx.o
                                                       (C:\Program Files (x86)\COSMIC\FSE_Compilers\CXSTM8\Lib\libm0.sm8)ladc.o
                                                       (C:\Program Files (x86)\COSMIC\FSE_Compilers\CXSTM8\Lib\libm0.sm8)ladd.o
                                                       (C:\Program Files (x86)\COSMIC\FSE_Compilers\CXSTM8\Lib\libm0.sm8)lgadd.o
                                                       (C:\Program Files (x86)\COSMIC\FSE_Compilers\CXSTM8\Lib\libm0.sm8)llsh.o
                                                       (C:\Program Files (x86)\COSMIC\FSE_Compilers\CXSTM8\Lib\libm0.sm8)lsub.o
                                                       (C:\Program Files (x86)\COSMIC\FSE_Compilers\CXSTM8\Lib\libm0.sm8)ltor.o
                                                       (C:\Program Files (x86)\COSMIC\FSE_Compilers\CXSTM8\Lib\libm0.sm8)ldiv.o
                                                       (C:\Program Files (x86)\COSMIC\FSE_Compilers\CXSTM8\Lib\libm0.sm8)lneg.o
                                                       (C:\Program Files (x86)\COSMIC\FSE_Compilers\CXSTM8\Lib\libm0.sm8)lursh.o
                                                       (C:\Program Files (x86)\COSMIC\FSE_Compilers\CXSTM8\Lib\libm0.sm8)rtol.o
                                                       (C:\Program Files (x86)\COSMIC\FSE_Compilers\CXSTM8\Lib\libm0.sm8)smul.o
                                                       (C:\Program Files (x86)\COSMIC\FSE_Compilers\CXSTM8\Lib\libm0.sm8)umul.o
c_lsub                              ********   *** removed from (C:\Program Files (x86)\COSMIC\FSE_Compilers\CXSTM8\Lib\libm0.sm8)lsub.o ***
c_ltor                              000097ef   defined in (C:\Program Files (x86)\COSMIC\FSE_Compilers\CXSTM8\Lib\libm0.sm8)ltor.o section .text
                                               used in Debug\stm8s_clk.o
                                                       Debug\stm8s_flash.o
                                                       Debug\stm8s_uart1.o
                                                       Debug\user_eeprom.o
c_ludv                              00009801   defined in (C:\Program Files (x86)\COSMIC\FSE_Compilers\CXSTM8\Lib\libm0.sm8)ludiv.o section .text
                                               used in Debug\stm8s_clk.o
                                                       Debug\stm8s_uart1.o
c_lursh                             ********   *** removed from (C:\Program Files (x86)\COSMIC\FSE_Compilers\CXSTM8\Lib\libm0.sm8)lursh.o ***
c_lzmp                              00009928   defined in (C:\Program Files (x86)\COSMIC\FSE_Compilers\CXSTM8\Lib\libm0.sm8)lzmp.o section .text
                                               used in Debug\user_timer.o
c_rtol                              0000993b   defined in (C:\Program Files (x86)\COSMIC\FSE_Compilers\CXSTM8\Lib\libm0.sm8)rtol.o section .text
                                               used in Debug\stm8s_clk.o
                                                       Debug\stm8s_flash.o
                                                       Debug\stm8s_uart1.o
c_smul                              ********   *** removed from (C:\Program Files (x86)\COSMIC\FSE_Compilers\CXSTM8\Lib\libm0.sm8)smul.o ***
c_umul                              0000994d   defined in (C:\Program Files (x86)\COSMIC\FSE_Compilers\CXSTM8\Lib\libm0.sm8)umul.o section .text
                                               used in Debug\stm8s_flash.o
c_x                                 00000035   defined in (C:\Program Files (x86)\COSMIC\FSE_Compilers\CXSTM8\Lib\libm0.sm8)xreg.o section .ubsct
                                               used in C:\Program Files (x86)\COSMIC\FSE_Compilers\CXSTM8\Lib\crtsi0.sm8
                                                       Debug\stm8s_it.o
                                                       (C:\Program Files (x86)\COSMIC\FSE_Compilers\CXSTM8\Lib\libm0.sm8)ldiv.o
                                                       (C:\Program Files (x86)\COSMIC\FSE_Compilers\CXSTM8\Lib\libm0.sm8)umul.o
c_y                                 00000038   defined in (C:\Program Files (x86)\COSMIC\FSE_Compilers\CXSTM8\Lib\libm0.sm8)yreg.o section .ubsct
                                               used in C:\Program Files (x86)\COSMIC\FSE_Compilers\CXSTM8\Lib\crtsi0.sm8
                                                       Debug\stm8s_it.o
                                                       (C:\Program Files (x86)\COSMIC\FSE_Compilers\CXSTM8\Lib\libm0.sm8)umul.o
f_ADC1_IRQHandler                   00008df1   defined in Debug\stm8s_it.o section .text
                                               used in Debug\stm8_interrupt_vector.o
f_AWU_IRQHandler                    00008dc1   defined in Debug\stm8s_it.o section .text
                                               *** not used ***
f_CLK_IRQHandler                    00008dc2   defined in Debug\stm8s_it.o section .text
                                               *** not used ***
f_EEPROM_EEC_IRQHandler             00008e3a   defined in Debug\stm8s_it.o section .text
                                               *** not used ***
f_EXTI_PORTA_IRQHandler             00008dc3   defined in Debug\stm8s_it.o section .text
                                               *** not used ***
f_EXTI_PORTB_IRQHandler             00008dc4   defined in Debug\stm8s_it.o section .text
                                               *** not used ***
f_EXTI_PORTC_IRQHandler             00008dc5   defined in Debug\stm8s_it.o section .text
                                               used in Debug\stm8_interrupt_vector.o
f_EXTI_PORTD_IRQHandler             00008de7   defined in Debug\stm8s_it.o section .text
                                               *** not used ***
f_EXTI_PORTE_IRQHandler             00008de8   defined in Debug\stm8s_it.o section .text
                                               *** not used ***
f_I2C_IRQHandler                    00008df0   defined in Debug\stm8s_it.o section .text
                                               *** not used ***
f_NonHandledInterrupt               00009989   defined in Debug\stm8_interrupt_vector.o section .text
f_SPI_IRQHandler                    00008de9   defined in Debug\stm8s_it.o section .text
                                               *** not used ***
f_TIM1_CAP_COM_IRQHandler           00008deb   defined in Debug\stm8s_it.o section .text
                                               *** not used ***
f_TIM1_UPD_OVF_TRG_BRK_IRQHandler   00008dea   defined in Debug\stm8s_it.o section .text
                                               *** not used ***
f_TIM2_CAP_COM_IRQHandler           00008ded   defined in Debug\stm8s_it.o section .text
                                               *** not used ***
f_TIM2_UPD_OVF_BRK_IRQHandler       00008dec   defined in Debug\stm8s_it.o section .text
                                               *** not used ***
f_TIM4_UPD_OVF_IRQHandler           00008e13   defined in Debug\stm8s_it.o section .text
                                               used in Debug\stm8_interrupt_vector.o
f_TLI_IRQHandler                    00008dc0   defined in Debug\stm8s_it.o section .text
                                               *** not used ***
f_TRAP_IRQHandler                   00008dbf   defined in Debug\stm8s_it.o section .text
                                               *** not used ***
f_UART1_RX_IRQHandler               00008def   defined in Debug\stm8s_it.o section .text
                                               *** not used ***
f_UART1_TX_IRQHandler               00008dee   defined in Debug\stm8s_it.o section .text
                                               *** not used ***
