
Map of Debug\vm.sm8 from link file Debug\vm.lkf - Wed Apr  8 17:23:51 2020


                               --------
                               Segments
                               --------

start 00008080 end 00008104 length   132 segment .const
start 00008125 end 00009641 length  5404 segment .text
start 00004000 end 00004000 length     0 segment .eeprom
start 00000000 end 00000019 length    25 segment .bsct, initialized
start 0000810c end 00008125 length    25 segment .bsct, from
start 00000019 end 0000003a length    33 segment .ubsct
start 0000003a end 0000003a length     0 segment .bit
start 0000003a end 0000003a length     0 segment .share
start 00000100 end 00000100 length     0 segment .data
start 00000100 end 00000100 length     0 segment .bss
start 00000000 end 00001209 length  4617 segment .info.
start 00000000 end 0000b128 length 45352 segment .debug
start 00008000 end 00008080 length   128 segment .const
start 00008104 end 0000810c length     8 segment .init


                               -------
                               Modules
                               -------

C:\Program Files (x86)\COSMIC\FSE_Compilers\CXSTM8\Lib\crtsi0.sm8:
start 00008125 end 00008175 length    80 section .text
start 00000100 end 00000100 length     0 section .bss
start 00000019 end 00000019 length     0 section .ubsct
start 00000000 end 00000034 length    52 section .info.

Debug\stm8s_itc.o:
start 00008175 end 000082ac length   311 section .text
start 00000000 end 00000603 length  1539 section .debug
start 00000034 end 000000c6 length   146 section .info.
start 00008080 end 000080e4 length   100 section .const

Debug\stm8s_exti.o:
start 000082ac end 0000836a length   190 section .text
start 00000603 end 00000a92 length  1167 section .debug
start 000000c6 end 00000159 length   147 section .info.

Debug\stm8s_adc1.o:
start 0000836a end 00008710 length   934 section .text
start 00000a92 end 00002083 length  5617 section .debug
start 00000159 end 000001ec length   147 section .info.

Debug\stm8s_clk.o:
start 00008710 end 00008a16 length   774 section .text
start 00002083 end 000036f2 length  5743 section .debug
start 000001ec end 0000027e length   146 section .info.
start 000080e4 end 000080f0 length    12 section .const

Debug\stm8s_flash.o:
start 00008a16 end 00008c13 length   509 section .text
start 000036f2 end 000044d1 length  3551 section .debug
start 0000027e end 00000312 length   148 section .info.

Debug\stm8s_gpio.o:
start 00008c13 end 00008c9c length   137 section .text
start 000044d1 end 00004edb length  2570 section .debug
start 00000312 end 000003a5 length   147 section .info.

Debug\stm8s_tim2.o:
start ******** end ******** length     0 section .text *** removed ***
start 00004edb end 000071ef length  8980 section .debug
start 000003a5 end 00000438 length   147 section .info.

Debug\stm8s_tim4.o:
start 00008c9c end 00008d62 length   198 section .text
start 000071ef end 00007da6 length  2999 section .debug
start 00000438 end 000004cb length   147 section .info.

Debug\stm8s_uart1.o:
start ******** end ******** length     0 section .text *** removed ***
start 00007da6 end 00009192 length  5100 section .debug
start 000004cb end 0000055f length   148 section .info.
start ******** end ******** length     0 section .const *** removed ***

Debug\main.o:
start 00008d62 end 00008d85 length    35 section .text
start 00009192 end 00009240 length   174 section .debug
start 0000055f end 000005ec length   141 section .info.

Debug\stm8s_it.o:
start 00008d85 end 00008e01 length   124 section .text
start 00009240 end 0000982b length  1515 section .debug
start 000005ec end 0000067d length   145 section .info.

Debug\pressure_sensor.o:
start 00008e01 end 00008e04 length     3 section .text
start 0000982b end 0000997f length   340 section .debug
start 0000067d end 00000715 length   152 section .info.

Debug\application.o:
start ******** end ******** length     0 section .text *** removed ***
start 0000997f end 00009a7b length   252 section .debug
start 00000715 end 000007a9 length   148 section .info.

Debug\menu.o:
start 00008e04 end 00008e8a length   134 section .text
start 00000000 end 0000000b length    11 section .bsct
start 00000019 end 0000001b length     2 section .ubsct
start 00009a7b end 00009c4d length   466 section .debug
start 000007a9 end 00000836 length   141 section .info.

Debug\motor.o:
start 00008e8a end 00008e90 length     6 section .text
start ******** end ******** length     0 section .ubsct *** removed ***
start 00009c4d end 00009f45 length   760 section .debug
start 00000836 end 000008c4 length   142 section .info.

Debug\user_adc.o:
start 00008e90 end 00008ef8 length   104 section .text
start 0000000b end 0000000d length     2 section .bsct
start 00009f45 end 0000a056 length   273 section .debug
start 000008c4 end 00000955 length   145 section .info.

Debug\user_buzzer.o:
start 00008ef8 end 00008efb length     3 section .text
start ******** end ******** length     0 section .ubsct *** removed ***
start 0000a056 end 0000a224 length   462 section .debug
start 00000955 end 000009e9 length   148 section .info.

Debug\user_display.o:
start 00008efb end 000092e0 length   997 section .text
start 0000000d end 00000014 length     7 section .bsct
start 0000a224 end 0000a569 length   837 section .debug
start 000009e9 end 00000a7e length   149 section .info.
start 000080f0 end 00008104 length    20 section .const

Debug\user_eeprom.o:
start 000092e0 end 000093c3 length   227 section .text
start 0000001b end 0000002e length    19 section .ubsct
start 0000a569 end 0000a9b8 length  1103 section .debug
start 00000a7e end 00000b12 length   148 section .info.

Debug\user_led.o:
start 000093c3 end 000093c6 length     3 section .text
start 0000a9b8 end 0000aafe length   326 section .debug
start 00000b12 end 00000ba3 length   145 section .info.

Debug\user_pwm.o:
start ******** end ******** length     0 section .text *** removed ***
start 0000aafe end 0000ac2f length   305 section .debug
start 00000ba3 end 00000c34 length   145 section .info.

Debug\user_timer.o:
start 000093c6 end 0000942a length   100 section .text
start 00000014 end 00000019 length     5 section .bsct
start 0000002e end 00000030 length     2 section .ubsct
start 0000ac2f end 0000aeab length   636 section .debug
start 00000c34 end 00000cc7 length   147 section .info.

Debug\user_uart.o:
start 0000942a end 0000942c length     2 section .text
start 0000aeab end 0000afbd length   274 section .debug
start 00000cc7 end 00000d59 length   146 section .info.

(C:\Program Files (x86)\COSMIC\FSE_Compilers\CXSTM8\Lib\libm0.sm8)cmulx.o:
start 0000942c end 00009440 length    20 section .text
start 00000d59 end 00000d89 length    48 section .info.

(C:\Program Files (x86)\COSMIC\FSE_Compilers\CXSTM8\Lib\libm0.sm8)ladc.o:
start 00009440 end 00009451 length    17 section .text
start 00000d89 end 00000db8 length    47 section .info.

(C:\Program Files (x86)\COSMIC\FSE_Compilers\CXSTM8\Lib\libm0.sm8)ladd.o:
start 00009451 end 00009469 length    24 section .text
start 00000db8 end 00000de7 length    47 section .info.

(C:\Program Files (x86)\COSMIC\FSE_Compilers\CXSTM8\Lib\libm0.sm8)lgadc.o:
start 00009469 end 00009479 length    16 section .text
start 00000de7 end 00000e17 length    48 section .info.

(C:\Program Files (x86)\COSMIC\FSE_Compilers\CXSTM8\Lib\libm0.sm8)lgadd.o:
start 00009479 end 00009490 length    23 section .text
start 00000e17 end 00000e47 length    48 section .info.

(C:\Program Files (x86)\COSMIC\FSE_Compilers\CXSTM8\Lib\libm0.sm8)lgsbc.o:
start 00009490 end 000094a6 length    22 section .text
start 00000e47 end 00000e77 length    48 section .info.

(C:\Program Files (x86)\COSMIC\FSE_Compilers\CXSTM8\Lib\libm0.sm8)llsh.o:
start ******** end ******** length     0 section .text *** removed ***
start 00000e77 end 00000ea6 length    47 section .info.

(C:\Program Files (x86)\COSMIC\FSE_Compilers\CXSTM8\Lib\libm0.sm8)lreg.o:
start 00000030 end 00000034 length     4 section .ubsct
start 00000ea6 end 00000ed5 length    47 section .info.

(C:\Program Files (x86)\COSMIC\FSE_Compilers\CXSTM8\Lib\libm0.sm8)lsub.o:
start ******** end ******** length     0 section .text *** removed ***
start 00000ed5 end 00000f04 length    47 section .info.

(C:\Program Files (x86)\COSMIC\FSE_Compilers\CXSTM8\Lib\libm0.sm8)ltor.o:
start 000094a6 end 000094b8 length    18 section .text
start 00000f04 end 00000f33 length    47 section .info.

(C:\Program Files (x86)\COSMIC\FSE_Compilers\CXSTM8\Lib\libm0.sm8)ludiv.o:
start 000094b8 end 000094cc length    20 section .text
start 00000f33 end 00000f63 length    48 section .info.

(C:\Program Files (x86)\COSMIC\FSE_Compilers\CXSTM8\Lib\libm0.sm8)ldiv.o:
start 000094cc end 000095b7 length   235 section .text
start 00000f63 end 00000f92 length    47 section .info.

(C:\Program Files (x86)\COSMIC\FSE_Compilers\CXSTM8\Lib\libm0.sm8)lgneg.o:
start 000095b7 end 000095ca length    19 section .text
start 00000f92 end 00000fc2 length    48 section .info.

(C:\Program Files (x86)\COSMIC\FSE_Compilers\CXSTM8\Lib\libm0.sm8)lneg.o:
start 000095ca end 000095df length    21 section .text
start 00000fc2 end 00000ff1 length    47 section .info.

(C:\Program Files (x86)\COSMIC\FSE_Compilers\CXSTM8\Lib\libm0.sm8)lursh.o:
start ******** end ******** length     0 section .text *** removed ***
start 00000ff1 end 00001021 length    48 section .info.

(C:\Program Files (x86)\COSMIC\FSE_Compilers\CXSTM8\Lib\libm0.sm8)lzmp.o:
start 000095df end 000095f2 length    19 section .text
start 00001021 end 00001050 length    47 section .info.

(C:\Program Files (x86)\COSMIC\FSE_Compilers\CXSTM8\Lib\libm0.sm8)rtol.o:
start 000095f2 end 00009604 length    18 section .text
start 00001050 end 0000107f length    47 section .info.

(C:\Program Files (x86)\COSMIC\FSE_Compilers\CXSTM8\Lib\libm0.sm8)smul.o:
start ******** end ******** length     0 section .text *** removed ***
start 0000107f end 000010ae length    47 section .info.

(C:\Program Files (x86)\COSMIC\FSE_Compilers\CXSTM8\Lib\libm0.sm8)umul.o:
start 00009604 end 00009640 length    60 section .text
start 000010ae end 000010dd length    47 section .info.

(C:\Program Files (x86)\COSMIC\FSE_Compilers\CXSTM8\Lib\libm0.sm8)xreg.o:
start 00000034 end 00000037 length     3 section .ubsct
start 000010dd end 0000110c length    47 section .info.

(C:\Program Files (x86)\COSMIC\FSE_Compilers\CXSTM8\Lib\libm0.sm8)yreg.o:
start 00000037 end 0000003a length     3 section .ubsct
start 0000110c end 0000113b length    47 section .info.

Debug\stm8_interrupt_vector.o:
start 00009640 end 00009641 length     1 section .text
start 0000afbd end 0000b128 length   363 section .debug
start 0000113b end 000011d9 length   158 section .info.
start 00008000 end 00008080 length   128 section .const


                             -----------
                             Stack usage
                             -----------

Debug\main.o:
_main                              >   20   (2)

Debug\menu.o:
_handle_buttons                         4   (2)
_init_menu                              8   (2)
_task_menu                              4   (2)
_tmr_menu                               2   (2)

Debug\motor.o:
_init_motor                        >    2   (2)
_set_position                      >    2   (2)
_speed_down                        >    2   (2)
_speed_up                          >    2   (2)
_task_motor                             2   (2)
_tmr_motor                              2   (2)

Debug\pressure_sensor.o:
_init_pressure_sensor              >    2   (2)
_test_pressure_sensor              >    2   (2)
_tmr_pressure_sensor                    2   (2)

Debug\stm8_interrupt_vector.o:
f_NonHandledInterrupt              >    6   (6)

Debug\stm8s_adc1.o:
_ADC1_AWDChannelConfig             >    4   (4)
_ADC1_ClearFlag                    >    4   (4)
_ADC1_ClearITPendingBit                 5   (5)
_ADC1_Cmd                               2   (2)
_ADC1_ConversionConfig                  5   (5)
_ADC1_DataBufferCmd                     2   (2)
_ADC1_DeInit                            2   (2)
_ADC1_ExternalTriggerConfig             4   (4)
_ADC1_GetAWDChannelStatus          >    4   (4)
_ADC1_GetBufferValue               >    8   (8)
_ADC1_GetConversionValue                7   (7)
_ADC1_GetFlagStatus                >    4   (4)
_ADC1_GetITStatus                  >    5   (5)
_ADC1_ITConfig                          5   (5)
_ADC1_Init                             15   (10)
_ADC1_PrescalerConfig                   3   (3)
_ADC1_ScanModeCmd                       2   (2)
_ADC1_SchmittTriggerConfig              4   (4)
_ADC1_SetHighThreshold             >    4   (4)
_ADC1_SetLowThreshold              >    2   (2)
_ADC1_StartConversion                   2   (2)

Debug\stm8s_clk.o:
_CLK_AdjustHSICalibrationValue     >    3   (3)
_CLK_CCOCmd                        >    2   (2)
_CLK_CCOConfig                     >    3   (3)
_CLK_ClearITPendingBit             >    2   (2)
_CLK_ClockSecuritySystemEnable     >    2   (2)
_CLK_ClockSwitchCmd                >    2   (2)
_CLK_ClockSwitchConfig             >   10   (10)
_CLK_DeInit                        >    2   (2)
_CLK_FastHaltWakeUpCmd             >    2   (2)
_CLK_GetClockFreq                  >   25   (11)
_CLK_GetFlagStatus                 >    7   (7)
_CLK_GetITStatus                   >    4   (4)
_CLK_GetSYSCLKSource               >    2   (2)
_CLK_HSECmd                        >    2   (2)
_CLK_HSICmd                        >    2   (2)
_CLK_HSIPrescalerConfig                 3   (3)
_CLK_ITConfig                      >    4   (4)
_CLK_LSICmd                        >    2   (2)
_CLK_PeripheralClockConfig         >    4   (4)
_CLK_SWIMConfig                    >    2   (2)
_CLK_SYSCLKConfig                  >    3   (3)
_CLK_SYSCLKEmergencyClear          >    2   (2)
_CLK_SlowActiveHaltWakeUpCmd       >    2   (2)

Debug\stm8s_exti.o:
_EXTI_DeInit                            2   (2)
_EXTI_GetExtIntSensitivity         >    3   (3)
_EXTI_GetTLISensitivity            >    3   (3)
_EXTI_SetExtIntSensitivity              4   (4)
_EXTI_SetTLISensitivity                 2   (2)

Debug\stm8s_flash.o:
_FLASH_DeInit                      >    2   (2)
_FLASH_EraseBlock                  >   13   (11)
_FLASH_EraseByte                   >    6   (6)
_FLASH_EraseOptionByte             >    9   (4)
_FLASH_GetBootSize                 >    9   (6)
_FLASH_GetFlagStatus                    3   (3)
_FLASH_GetLowPowerMode             >    2   (2)
_FLASH_GetProgrammingTime          >    2   (2)
_FLASH_ITConfig                    >    2   (2)
_FLASH_Lock                        >    2   (2)
_FLASH_ProgramBlock                >   16   (14)
_FLASH_ProgramByte                      7   (7)
_FLASH_ProgramOptionByte           >   10   (5)
_FLASH_ProgramWord                 >   10   (10)
_FLASH_ReadByte                         6   (6)
_FLASH_ReadOptionByte              >    6   (6)
_FLASH_SetLowPowerMode             >    3   (3)
_FLASH_SetProgrammingTime               2   (2)
_FLASH_Unlock                           2   (2)
_FLASH_WaitForLastOperation             5   (5)

Debug\stm8s_gpio.o:
_GPIO_DeInit                       >    2   (2)
_GPIO_ExternalPullUpConfig         >    6   (6)
_GPIO_Init                              6   (6)
_GPIO_ReadInputData                     2   (2)
_GPIO_ReadInputPin                 >    5   (5)
_GPIO_ReadOutputData               >    2   (2)
_GPIO_Write                        >    5   (5)
_GPIO_WriteHigh                         5   (5)
_GPIO_WriteLow                          5   (5)
_GPIO_WriteReverse                 >    5   (5)

Debug\stm8s_it.o:
f_ADC1_IRQHandler                  >   21   (12)
f_AWU_IRQHandler                   >    6   (6)
f_CLK_IRQHandler                   >    6   (6)
f_EEPROM_EEC_IRQHandler            >    6   (6)
f_EXTI_PORTA_IRQHandler            >    6   (6)
f_EXTI_PORTB_IRQHandler            >    6   (6)
f_EXTI_PORTC_IRQHandler            >   16   (12)
f_EXTI_PORTD_IRQHandler            >    6   (6)
f_EXTI_PORTE_IRQHandler            >    6   (6)
f_I2C_IRQHandler                   >    6   (6)
f_SPI_IRQHandler                   >    6   (6)
f_TIM1_CAP_COM_IRQHandler          >    6   (6)
f_TIM1_UPD_OVF_TRG_BRK_IRQHandler  >    6   (6)
f_TIM2_CAP_COM_IRQHandler          >    6   (6)
f_TIM2_UPD_OVF_BRK_IRQHandler      >    6   (6)
f_TIM4_UPD_OVF_IRQHandler          >   24   (12)
f_TLI_IRQHandler                   >    6   (6)
f_TRAP_IRQHandler                  >    6   (6)
f_UART1_RX_IRQHandler              >    6   (6)
f_UART1_TX_IRQHandler              >    6   (6)

Debug\stm8s_itc.o:
_ITC_DeInit                        >    2   (2)
_ITC_GetCPUCC                           2   (2)
_ITC_GetSoftIntStatus              >    4   (2)
_ITC_GetSoftwarePriority           >    5   (5)
_ITC_SetSoftwarePriority                6   (6)

Debug\stm8s_tim4.o:
_TIM4_ARRPreloadConfig             >    2   (2)
_TIM4_ClearFlag                         2   (2)
_TIM4_ClearITPendingBit                 2   (2)
_TIM4_Cmd                               2   (2)
_TIM4_DeInit                       >    2   (2)
_TIM4_GenerateEvent                >    2   (2)
_TIM4_GetCounter                   >    2   (2)
_TIM4_GetFlagStatus                >    3   (3)
_TIM4_GetITStatus                  >    5   (5)
_TIM4_GetPrescaler                 >    2   (2)
_TIM4_ITConfig                          4   (4)
_TIM4_PrescalerConfig              >    2   (2)
_TIM4_SelectOnePulseMode           >    2   (2)
_TIM4_SetAutoreload                >    2   (2)
_TIM4_SetCounter                   >    2   (2)
_TIM4_TimeBaseInit                      2   (2)
_TIM4_UpdateDisableConfig          >    2   (2)
_TIM4_UpdateRequestConfig          >    2   (2)

Debug\user_adc.o:
_init_adc                              17   (2)
_read_adc                               9   (2)

Debug\user_buzzer.o:
_init_buzzer                            2   (2)
_set_buzzer                        >    6   (6)
_tmr_buzzer                             2   (2)

Debug\user_display.o:
_dec2bcd                                4   (4)
_init_display                           8   (2)
_set_display                       >   10   (6)
_set_option_display                     2   (2)
_task_display                           2   (2)
_tmr_display                           10   (2)
_wr_digit                               8   (3)

Debug\user_eeprom.o:
_calc_checksum                          6   (6)
_flash_config                           5   (2)
_init_eeprom                           18   (2)
_read_eeprom                           15   (9)
_save_eeprom                           16   (9)
_set_default                            2   (2)

Debug\user_led.o:
_init_led                          >    2   (2)
_set_led                           >    4   (4)
_tmr_led                                2   (2)

Debug\user_timer.o:
_CLK_Config                             5   (2)
_TIM4_Config                            6   (2)
_delay                             >    8   (6)
_init_timer                             8   (2)
_pool_tick                              2   (2)
_task_timer                            12   (2)

Debug\user_uart.o:
_init_uart                              2   (2)
_send_uart                         >    2   (2)

Stack size: 49


                              ---------
                              Call tree
                              ---------
   1 > _ADC1_AWDChannelConfig: (4)

   2 > _ADC1_ClearFlag: (4)

   3 > _ADC1_GetAWDChannelStatus: (4)

   4 > _ADC1_GetBufferValue: (8)

   5 > _ADC1_GetFlagStatus: (4)

   6 > _ADC1_GetITStatus: (5)

   7 > _ADC1_SetHighThreshold: (4)

   8 > _ADC1_SetLowThreshold: (2)

   9 > _CLK_AdjustHSICalibrationValue: (3)

  10 > _CLK_CCOCmd: (2)

  11 > _CLK_CCOConfig: (3)

  12 > _CLK_ClearITPendingBit: (2)

  13 > _CLK_ClockSecuritySystemEnable: (2)

  14 > _CLK_ClockSwitchCmd: (2)

  15 > _CLK_ClockSwitchConfig: (10)

  16 > _CLK_DeInit: (2)

  17 > _CLK_FastHaltWakeUpCmd: (2)

  18 > _CLK_GetClockFreq: (11)

  19 > _CLK_GetFlagStatus: (7)

  20 > _CLK_GetITStatus: (4)

  21 > _CLK_GetSYSCLKSource: (2)

  22 > _CLK_HSECmd: (2)

  23 > _CLK_HSICmd: (2)

  24 > _CLK_ITConfig: (4)

  25 > _CLK_LSICmd: (2)

  26 > _CLK_PeripheralClockConfig: (4)

  27 > _CLK_SWIMConfig: (2)

  28 > _CLK_SYSCLKConfig: (3)

  29 > _CLK_SYSCLKEmergencyClear: (2)

  30 > _CLK_SlowActiveHaltWakeUpCmd: (2)

  31 > _EXTI_GetExtIntSensitivity: (3)

  32 > _EXTI_GetTLISensitivity: (3)

  33 > _FLASH_DeInit: (2)

  34 > _FLASH_EraseBlock: (11)

  35 > _FLASH_EraseByte: (6)

  36 > _FLASH_EraseOptionByte: (4)
  37      + _FLASH_WaitForLastOperation: (5)
       
  38 > _FLASH_GetBootSize: (6)

  39 > _FLASH_GetLowPowerMode: (2)

  40 > _FLASH_GetProgrammingTime: (2)

  41 > _FLASH_ITConfig: (2)

  42 > _FLASH_Lock: (2)

  43 > _FLASH_ProgramBlock: (14)

  44 > _FLASH_ProgramOptionByte: (5)
  45      + _FLASH_WaitForLastOperation --> 37
       
  46 > _FLASH_ProgramWord: (10)

  47 > _FLASH_ReadOptionByte: (6)

  48 > _FLASH_SetLowPowerMode: (3)

  49 > _GPIO_DeInit: (2)

  50 > _GPIO_ExternalPullUpConfig: (6)

  51 > _GPIO_ReadInputPin: (5)

  52 > _GPIO_ReadOutputData: (2)

  53 > _GPIO_Write: (5)

  54 > _GPIO_WriteReverse: (5)

  55 > _ITC_DeInit: (2)

  56 > _ITC_GetSoftIntStatus: (2)
  57      + _ITC_GetCPUCC: (2)
       
  58 > _ITC_GetSoftwarePriority: (5)

  59 > _TIM4_ARRPreloadConfig: (2)

  60 > _TIM4_DeInit: (2)

  61 > _TIM4_GenerateEvent: (2)

  62 > _TIM4_GetCounter: (2)

  63 > _TIM4_GetFlagStatus: (3)

  64 > _TIM4_GetITStatus: (5)

  65 > _TIM4_GetPrescaler: (2)

  66 > _TIM4_PrescalerConfig: (2)

  67 > _TIM4_SelectOnePulseMode: (2)

  68 > _TIM4_SetAutoreload: (2)

  69 > _TIM4_SetCounter: (2)

  70 > _TIM4_UpdateDisableConfig: (2)

  71 > _TIM4_UpdateRequestConfig: (2)

  72 > __stext: (0)

  73 > _delay: (6)

  74 > _init_led: (2)

  75 > _init_motor: (2)

  76 > _init_pressure_sensor: (2)

  77 > _main: (2)
  78      + _init_adc: (2)
  79      |    + _ADC1_Cmd: (2)
  80      |    + _ADC1_DataBufferCmd: (2)
  81      |    + _ADC1_DeInit: (2)
  82      |    + _ADC1_ITConfig: (5)
  83      |    + _ADC1_Init: (10)
  84      |    |    + _ADC1_ConversionConfig: (5)
  85      |    |    + _ADC1_ExternalTriggerConfig: (4)
  86      |    |    + _ADC1_PrescalerConfig: (3)
  87      |    |    + _ADC1_SchmittTriggerConfig: (4)
          |    | 
  88      |    + _ADC1_ScanModeCmd: (2)
  89      |    + _ADC1_StartConversion: (2)
  90      |    + _GPIO_Init: (6)
          | 
  91      + _init_buzzer: (2)
  92      + _init_display: (2)
  93      |    + _GPIO_Init --> 90
  94      |    + _GPIO_WriteHigh: (5)
          | 
  95      + _init_eeprom: (2)
  96      |    + _calc_checksum: (6)
  97      |    + _flash_config: (2)
  98      |    |    + _FLASH_GetFlagStatus: (3)
  99      |    |    + _FLASH_SetProgrammingTime: (2)
 100      |    |    + _FLASH_Unlock: (2)
          |    | 
 101      |    + _read_eeprom: (9)
 102      |    |    + _FLASH_ReadByte: (6)
          |    | 
 103      |    + _save_eeprom: (9)
 104      |    |    + _FLASH_ProgramByte: (7)
 105      |    |    + _calc_checksum --> 96
          |    | 
 106      |    + _set_default: (2)
          | 
 107      + _init_menu: (2)
 108      |    + _EXTI_DeInit: (2)
 109      |    + _EXTI_SetExtIntSensitivity: (4)
 110      |    + _EXTI_SetTLISensitivity: (2)
 111      |    + _GPIO_Init --> 90
 112      |    + _ITC_SetSoftwarePriority: (6)
          | 
 113      + _init_timer: (2)
 114      |    + _CLK_Config: (2)
 115      |    |    + _CLK_HSIPrescalerConfig: (3)
          |    | 
 116      |    + _TIM4_Config: (2)
 117      |    |    + _TIM4_ClearFlag: (2)
 118      |    |    + _TIM4_Cmd: (2)
 119      |    |    + _TIM4_ITConfig: (4)
 120      |    |    + _TIM4_TimeBaseInit: (2)
          |    | 
          | 
 121      + _init_uart: (2)
 122      + _pool_tick: (2)
 123      + _task_display: (2)
 124      + _task_menu: (2)
 125      |    + _set_option_display: (2)
          | 
 126      + _task_motor: (2)
       
 127 > _send_uart: (2)

 128 > _set_buzzer: (6)

 129 > _set_display: (6)
 130      + _dec2bcd: (4)
       
 131 > _set_led: (4)

 132 > _set_position: (2)

 133 > _speed_down: (2)

 134 > _speed_up: (2)

 135 > _test_pressure_sensor: (2)

 136 > f_ADC1_IRQHandler: (12)
 137      + _read_adc: (2)
 138      |    + _ADC1_ClearITPendingBit: (5)
 139      |    + _ADC1_GetConversionValue: (7)
          | 
       
 140 > f_AWU_IRQHandler: (6)

 141 > f_CLK_IRQHandler: (6)

 142 > f_EEPROM_EEC_IRQHandler: (6)

 143 > f_EXTI_PORTA_IRQHandler: (6)

 144 > f_EXTI_PORTB_IRQHandler: (6)

 145 > f_EXTI_PORTC_IRQHandler: (12)
 146      + _handle_buttons: (2)
 147      |    + _GPIO_ReadInputData: (2)
          | 
       
 148 > f_EXTI_PORTD_IRQHandler: (6)

 149 > f_EXTI_PORTE_IRQHandler: (6)

 150 > f_I2C_IRQHandler: (6)

 151 > f_NonHandledInterrupt: (6)

 152 > f_SPI_IRQHandler: (6)

 153 > f_TIM1_CAP_COM_IRQHandler: (6)

 154 > f_TIM1_UPD_OVF_TRG_BRK_IRQHandler: (6)

 155 > f_TIM2_CAP_COM_IRQHandler: (6)

 156 > f_TIM2_UPD_OVF_BRK_IRQHandler: (6)

 157 > f_TIM4_UPD_OVF_IRQHandler: (12)
 158      + _TIM4_ClearITPendingBit: (2)
 159      + _task_timer: (2)
 160      |    + _tmr_buzzer: (2)
 161      |    + _tmr_display: (2)
 162      |    |    + _GPIO_WriteHigh --> 94
 163      |    |    + _GPIO_WriteLow: (5)
 164      |    |    + _wr_digit: (3)
 165      |    |    |    + _GPIO_WriteHigh --> 94
 166      |    |    |    + _GPIO_WriteLow --> 163
          |    |    | 
          |    | 
 167      |    + _tmr_led: (2)
 168      |    + _tmr_menu: (2)
 169      |    + _tmr_motor: (2)
 170      |    + _tmr_pressure_sensor: (2)
          | 
       
 171 > f_TLI_IRQHandler: (6)

 172 > f_TRAP_IRQHandler: (6)

 173 > f_UART1_RX_IRQHandler: (6)

 174 > f_UART1_TX_IRQHandler: (6)

 175   _ADC1_ClearITPendingBit --> 138

 176   _ADC1_Cmd --> 79

 177   _ADC1_ConversionConfig --> 84

 178   _ADC1_DataBufferCmd --> 80

 179   _ADC1_DeInit --> 81

 180   _ADC1_ExternalTriggerConfig --> 85

 181   _ADC1_GetConversionValue --> 139

 182   _ADC1_ITConfig --> 82

 183   _ADC1_Init --> 83

 184   _ADC1_PrescalerConfig --> 86

 185   _ADC1_ScanModeCmd --> 88

 186   _ADC1_SchmittTriggerConfig --> 87

 187   _ADC1_StartConversion --> 89

 188   _CLK_Config --> 114

 189   _CLK_HSIPrescalerConfig --> 115

 190   _EXTI_DeInit --> 108

 191   _EXTI_SetExtIntSensitivity --> 109

 192   _EXTI_SetTLISensitivity --> 110

 193   _FLASH_GetFlagStatus --> 98

 194   _FLASH_ProgramByte --> 104

 195   _FLASH_ReadByte --> 102

 196   _FLASH_SetProgrammingTime --> 99

 197   _FLASH_Unlock --> 100

 198   _FLASH_WaitForLastOperation --> 37

 199   _GPIO_Init --> 90

 200   _GPIO_ReadInputData --> 147

 201   _GPIO_WriteHigh --> 94

 202   _GPIO_WriteLow --> 163

 203   _ITC_GetCPUCC --> 57

 204   _ITC_SetSoftwarePriority --> 112

 205   _TIM4_ClearFlag --> 117

 206   _TIM4_ClearITPendingBit --> 158

 207   _TIM4_Cmd --> 118

 208   _TIM4_Config --> 116

 209   _TIM4_ITConfig --> 119

 210   _TIM4_TimeBaseInit --> 120

 211   _calc_checksum --> 96

 212   _dec2bcd --> 130

 213   _flash_config --> 97

 214   _handle_buttons --> 146

 215   _init_adc --> 78

 216   _init_buzzer --> 91

 217   _init_display --> 92

 218   _init_eeprom --> 95

 219   _init_menu --> 107

 220   _init_timer --> 113

 221   _init_uart --> 121

 222   _pool_tick --> 122

 223   _read_adc --> 137

 224   _read_eeprom --> 101

 225   _save_eeprom --> 103

 226   _set_default --> 106

 227   _set_option_display --> 125

 228   _task_display --> 123

 229   _task_menu --> 124

 230   _task_motor --> 126

 231   _task_timer --> 159

 232   _tmr_buzzer --> 160

 233   _tmr_display --> 161

 234   _tmr_led --> 167

 235   _tmr_menu --> 168

 236   _tmr_motor --> 169

 237   _tmr_pressure_sensor --> 170

 238   _wr_digit --> 164



                               -------
                               Symbols
                               -------

_ADC1_AWDChannelConfig              0000850a   defined in Debug\stm8s_adc1.o section .text
_ADC1_ClearFlag                     00008630   defined in Debug\stm8s_adc1.o section .text
_ADC1_ClearITPendingBit             000086c4   defined in Debug\stm8s_adc1.o section .text
                                               used in Debug\user_adc.o
_ADC1_Cmd                           000083c1   defined in Debug\stm8s_adc1.o section .text
                                               used in Debug\user_adc.o
_ADC1_ConversionConfig              00008485   defined in Debug\stm8s_adc1.o section .text
_ADC1_DataBufferCmd                 000083db   defined in Debug\stm8s_adc1.o section .text
                                               used in Debug\user_adc.o
_ADC1_DeInit                        0000836a   defined in Debug\stm8s_adc1.o section .text
                                               used in Debug\user_adc.o
_ADC1_ExternalTriggerConfig         000084b2   defined in Debug\stm8s_adc1.o section .text
_ADC1_GetAWDChannelStatus           000085c3   defined in Debug\stm8s_adc1.o section .text
_ADC1_GetBufferValue                0000857e   defined in Debug\stm8s_adc1.o section .text
_ADC1_GetConversionValue            000084d8   defined in Debug\stm8s_adc1.o section .text
                                               used in Debug\user_adc.o
_ADC1_GetFlagStatus                 000085e7   defined in Debug\stm8s_adc1.o section .text
_ADC1_GetITStatus                   00008684   defined in Debug\stm8s_adc1.o section .text
_ADC1_ITConfig                      000083e8   defined in Debug\stm8s_adc1.o section .text
                                               used in Debug\user_adc.o
_ADC1_Init                          0000839b   defined in Debug\stm8s_adc1.o section .text
                                               used in Debug\user_adc.o
_ADC1_PrescalerConfig               000083fe   defined in Debug\stm8s_adc1.o section .text
_ADC1_ScanModeCmd                   000083ce   defined in Debug\stm8s_adc1.o section .text
                                               used in Debug\user_adc.o
_ADC1_SchmittTriggerConfig          00008411   defined in Debug\stm8s_adc1.o section .text
_ADC1_SetHighThreshold              00008565   defined in Debug\stm8s_adc1.o section .text
_ADC1_SetLowThreshold               00008573   defined in Debug\stm8s_adc1.o section .text
_ADC1_StartConversion               000084d3   defined in Debug\stm8s_adc1.o section .text
                                               used in Debug\user_adc.o
_CLKPrescTable                      000080e8   defined in Debug\stm8s_clk.o section .const
_CLK_AdjustHSICalibrationValue      00008994   defined in Debug\stm8s_clk.o section .text
_CLK_CCOCmd                         0000877a   defined in Debug\stm8s_clk.o section .text
_CLK_CCOConfig                      000088af   defined in Debug\stm8s_clk.o section .text
_CLK_ClearITPendingBit              00008a08   defined in Debug\stm8s_clk.o section .text
_CLK_ClockSecuritySystemEnable      0000892a   defined in Debug\stm8s_clk.o section .text
_CLK_ClockSwitchCmd                 00008787   defined in Debug\stm8s_clk.o section .text
_CLK_ClockSwitchConfig              000087fb   defined in Debug\stm8s_clk.o section .text
_CLK_Config                         000093d0   defined in Debug\user_timer.o section .text
_CLK_DeInit                         00008710   defined in Debug\stm8s_clk.o section .text
_CLK_FastHaltWakeUpCmd              00008746   defined in Debug\stm8s_clk.o section .text
_CLK_GetClockFreq                   00008933   defined in Debug\stm8s_clk.o section .text
                                               used in Debug\stm8s_uart1.o
_CLK_GetFlagStatus                  000089a6   defined in Debug\stm8s_clk.o section .text
_CLK_GetITStatus                    000089e9   defined in Debug\stm8s_clk.o section .text
_CLK_GetSYSCLKSource                0000892f   defined in Debug\stm8s_clk.o section .text
_CLK_HSECmd                         00008753   defined in Debug\stm8s_clk.o section .text
_CLK_HSICmd                         00008760   defined in Debug\stm8s_clk.o section .text
_CLK_HSIPrescalerConfig             0000889c   defined in Debug\stm8s_clk.o section .text
                                               used in Debug\user_timer.o
_CLK_ITConfig                       000088c6   defined in Debug\stm8s_clk.o section .text
_CLK_LSICmd                         0000876d   defined in Debug\stm8s_clk.o section .text
_CLK_PeripheralClockConfig          000087a1   defined in Debug\stm8s_clk.o section .text
_CLK_SWIMConfig                     0000891d   defined in Debug\stm8s_clk.o section .text
_CLK_SYSCLKConfig                   000088f6   defined in Debug\stm8s_clk.o section .text
_CLK_SYSCLKEmergencyClear           000089a1   defined in Debug\stm8s_clk.o section .text
_CLK_SlowActiveHaltWakeUpCmd        00008794   defined in Debug\stm8s_clk.o section .text
_EXTI_DeInit                        000082ac   defined in Debug\stm8s_exti.o section .text
                                               used in Debug\menu.o
_EXTI_GetExtIntSensitivity          00008328   defined in Debug\stm8s_exti.o section .text
_EXTI_GetTLISensitivity             00008364   defined in Debug\stm8s_exti.o section .text
_EXTI_SetExtIntSensitivity          000082b5   defined in Debug\stm8s_exti.o section .text
                                               used in Debug\menu.o
_EXTI_SetTLISensitivity             0000831d   defined in Debug\stm8s_exti.o section .text
                                               used in Debug\menu.o
_FLASH_DeInit                       00008a33   defined in Debug\stm8s_flash.o section .text
_FLASH_EraseBlock                   00008b84   defined in Debug\stm8s_flash.o section .text
_FLASH_EraseByte                    00008a58   defined in Debug\stm8s_flash.o section .text
_FLASH_EraseOptionByte              00008aa8   defined in Debug\stm8s_flash.o section .text
_FLASH_GetBootSize                  00008b2a   defined in Debug\stm8s_flash.o section .text
_FLASH_GetFlagStatus                00008b58   defined in Debug\stm8s_flash.o section .text
                                               used in Debug\user_eeprom.o
_FLASH_GetLowPowerMode              00008b1e   defined in Debug\stm8s_flash.o section .text
_FLASH_GetProgrammingTime           00008b24   defined in Debug\stm8s_flash.o section .text
_FLASH_ITConfig                     00008a4b   defined in Debug\stm8s_flash.o section .text
_FLASH_Lock                         00008a2c   defined in Debug\stm8s_flash.o section .text
_FLASH_ProgramBlock                 00008bbf   defined in Debug\stm8s_flash.o section .text
_FLASH_ProgramByte                  00008a5c   defined in Debug\stm8s_flash.o section .text
                                               used in Debug\user_eeprom.o
_FLASH_ProgramOptionByte            00008a80   defined in Debug\stm8s_flash.o section .text
_FLASH_ProgramWord                  00008a66   defined in Debug\stm8s_flash.o section .text
_FLASH_ReadByte                     00008a62   defined in Debug\stm8s_flash.o section .text
                                               used in Debug\user_eeprom.o
_FLASH_ReadOptionByte               00008acd   defined in Debug\stm8s_flash.o section .text
_FLASH_SetLowPowerMode              00008b00   defined in Debug\stm8s_flash.o section .text
_FLASH_SetProgrammingTime           00008b13   defined in Debug\stm8s_flash.o section .text
                                               used in Debug\user_eeprom.o
_FLASH_Unlock                       00008a16   defined in Debug\stm8s_flash.o section .text
                                               used in Debug\user_eeprom.o
_FLASH_WaitForLastOperation         00008b60   defined in Debug\stm8s_flash.o section .text
_GPIO_DeInit                        00008c13   defined in Debug\stm8s_gpio.o section .text
_GPIO_ExternalPullUpConfig          00008c8a   defined in Debug\stm8s_gpio.o section .text
_GPIO_Init                          00008c1b   defined in Debug\stm8s_gpio.o section .text
                                               used in Debug\menu.o
                                                       Debug\user_adc.o
                                                       Debug\user_display.o
_GPIO_ReadInputData                 00008c82   defined in Debug\stm8s_gpio.o section .text
                                               used in Debug\menu.o
_GPIO_ReadInputPin                  00008c85   defined in Debug\stm8s_gpio.o section .text
_GPIO_ReadOutputData                00008c80   defined in Debug\stm8s_gpio.o section .text
_GPIO_Write                         00008c6c   defined in Debug\stm8s_gpio.o section .text
_GPIO_WriteHigh                     00008c70   defined in Debug\stm8s_gpio.o section .text
                                               used in Debug\user_display.o
_GPIO_WriteLow                      00008c75   defined in Debug\stm8s_gpio.o section .text
                                               used in Debug\user_display.o
_GPIO_WriteReverse                  00008c7b   defined in Debug\stm8s_gpio.o section .text
_HSIDivFactor                       000080e4   defined in Debug\stm8s_clk.o section .const
_ITC_DeInit                         00008178   defined in Debug\stm8s_itc.o section .text
_ITC_GetCPUCC                       00008175   defined in Debug\stm8s_itc.o section .text
_ITC_GetSoftIntStatus               00008199   defined in Debug\stm8s_itc.o section .text
_ITC_GetSoftwarePriority            0000819e   defined in Debug\stm8s_itc.o section .text
_ITC_SetSoftwarePriority            000081f7   defined in Debug\stm8s_itc.o section .text
                                               used in Debug\menu.o
_TIM2_ARRPreloadConfig              ********   *** removed from Debug\stm8s_tim2.o ***
_TIM2_CCxCmd                        ********   *** removed from Debug\stm8s_tim2.o ***
_TIM2_ClearFlag                     ********   *** removed from Debug\stm8s_tim2.o ***
_TIM2_ClearITPendingBit             ********   *** removed from Debug\stm8s_tim2.o ***
_TIM2_Cmd                           ********   *** removed from Debug\stm8s_tim2.o ***
_TIM2_DeInit                        ********   *** removed from Debug\stm8s_tim2.o ***
_TIM2_ForcedOC1Config               ********   *** removed from Debug\stm8s_tim2.o ***
_TIM2_ForcedOC2Config               ********   *** removed from Debug\stm8s_tim2.o ***
_TIM2_ForcedOC3Config               ********   *** removed from Debug\stm8s_tim2.o ***
_TIM2_GenerateEvent                 ********   *** removed from Debug\stm8s_tim2.o ***
_TIM2_GetCapture1                   ********   *** removed from Debug\stm8s_tim2.o ***
_TIM2_GetCapture2                   ********   *** removed from Debug\stm8s_tim2.o ***
_TIM2_GetCapture3                   ********   *** removed from Debug\stm8s_tim2.o ***
_TIM2_GetCounter                    ********   *** removed from Debug\stm8s_tim2.o ***
_TIM2_GetFlagStatus                 ********   *** removed from Debug\stm8s_tim2.o ***
_TIM2_GetITStatus                   ********   *** removed from Debug\stm8s_tim2.o ***
_TIM2_GetPrescaler                  ********   *** removed from Debug\stm8s_tim2.o ***
_TIM2_ICInit                        ********   *** removed from Debug\stm8s_tim2.o ***
_TIM2_ITConfig                      ********   *** removed from Debug\stm8s_tim2.o ***
_TIM2_OC1Init                       ********   *** removed from Debug\stm8s_tim2.o ***
_TIM2_OC1PolarityConfig             ********   *** removed from Debug\stm8s_tim2.o ***
_TIM2_OC1PreloadConfig              ********   *** removed from Debug\stm8s_tim2.o ***
_TIM2_OC2Init                       ********   *** removed from Debug\stm8s_tim2.o ***
_TIM2_OC2PolarityConfig             ********   *** removed from Debug\stm8s_tim2.o ***
_TIM2_OC2PreloadConfig              ********   *** removed from Debug\stm8s_tim2.o ***
_TIM2_OC3Init                       ********   *** removed from Debug\stm8s_tim2.o ***
_TIM2_OC3PolarityConfig             ********   *** removed from Debug\stm8s_tim2.o ***
_TIM2_OC3PreloadConfig              ********   *** removed from Debug\stm8s_tim2.o ***
_TIM2_PWMIConfig                    ********   *** removed from Debug\stm8s_tim2.o ***
_TIM2_PrescalerConfig               ********   *** removed from Debug\stm8s_tim2.o ***
_TIM2_SelectOCxM                    ********   *** removed from Debug\stm8s_tim2.o ***
_TIM2_SelectOnePulseMode            ********   *** removed from Debug\stm8s_tim2.o ***
_TIM2_SetAutoreload                 ********   *** removed from Debug\stm8s_tim2.o ***
_TIM2_SetCompare1                   ********   *** removed from Debug\stm8s_tim2.o ***
_TIM2_SetCompare2                   ********   *** removed from Debug\stm8s_tim2.o ***
_TIM2_SetCompare3                   ********   *** removed from Debug\stm8s_tim2.o ***
_TIM2_SetCounter                    ********   *** removed from Debug\stm8s_tim2.o ***
_TIM2_SetIC1Prescaler               ********   *** removed from Debug\stm8s_tim2.o ***
_TIM2_SetIC2Prescaler               ********   *** removed from Debug\stm8s_tim2.o ***
_TIM2_SetIC3Prescaler               ********   *** removed from Debug\stm8s_tim2.o ***
_TIM2_TimeBaseInit                  ********   *** removed from Debug\stm8s_tim2.o ***
_TIM2_UpdateDisableConfig           ********   *** removed from Debug\stm8s_tim2.o ***
_TIM2_UpdateRequestConfig           ********   *** removed from Debug\stm8s_tim2.o ***
_TIM4_ARRPreloadConfig              00008d11   defined in Debug\stm8s_tim4.o section .text
_TIM4_ClearFlag                     00008d3a   defined in Debug\stm8s_tim4.o section .text
                                               used in Debug\user_timer.o
_TIM4_ClearITPendingBit             00008d5d   defined in Debug\stm8s_tim4.o section .text
                                               used in Debug\stm8s_it.o
_TIM4_Cmd                           00008cbe   defined in Debug\stm8s_tim4.o section .text
                                               used in Debug\user_timer.o
_TIM4_Config                        000093e5   defined in Debug\user_timer.o section .text
_TIM4_DeInit                        00008c9c   defined in Debug\stm8s_tim4.o section .text
_TIM4_GenerateEvent                 00008d1e   defined in Debug\stm8s_tim4.o section .text
_TIM4_GetCounter                    00008d2a   defined in Debug\stm8s_tim4.o section .text
_TIM4_GetFlagStatus                 00008d32   defined in Debug\stm8s_tim4.o section .text
_TIM4_GetITStatus                   00008d3f   defined in Debug\stm8s_tim4.o section .text
_TIM4_GetPrescaler                  00008d2e   defined in Debug\stm8s_tim4.o section .text
_TIM4_ITConfig                      00008ccb   defined in Debug\stm8s_tim4.o section .text
                                               used in Debug\user_timer.o
_TIM4_PrescalerConfig               00008d08   defined in Debug\stm8s_tim4.o section .text
_TIM4_SelectOnePulseMode            00008cfb   defined in Debug\stm8s_tim4.o section .text
_TIM4_SetAutoreload                 00008d26   defined in Debug\stm8s_tim4.o section .text
_TIM4_SetCounter                    00008d22   defined in Debug\stm8s_tim4.o section .text
_TIM4_TimeBaseInit                  00008cb5   defined in Debug\stm8s_tim4.o section .text
                                               used in Debug\user_timer.o
_TIM4_UpdateDisableConfig           00008ce1   defined in Debug\stm8s_tim4.o section .text
_TIM4_UpdateRequestConfig           00008cee   defined in Debug\stm8s_tim4.o section .text
_UART1_ClearFlag                    ********   *** removed from Debug\stm8s_uart1.o ***
_UART1_ClearITPendingBit            ********   *** removed from Debug\stm8s_uart1.o ***
_UART1_Cmd                          ********   *** removed from Debug\stm8s_uart1.o ***
_UART1_DeInit                       ********   *** removed from Debug\stm8s_uart1.o ***
_UART1_GetFlagStatus                ********   *** removed from Debug\stm8s_uart1.o ***
_UART1_GetITStatus                  ********   *** removed from Debug\stm8s_uart1.o ***
_UART1_HalfDuplexCmd                ********   *** removed from Debug\stm8s_uart1.o ***
_UART1_ITConfig                     ********   *** removed from Debug\stm8s_uart1.o ***
_UART1_Init                         ********   *** removed from Debug\stm8s_uart1.o ***
_UART1_IrDACmd                      ********   *** removed from Debug\stm8s_uart1.o ***
_UART1_IrDAConfig                   ********   *** removed from Debug\stm8s_uart1.o ***
_UART1_LINBreakDetectionConfig      ********   *** removed from Debug\stm8s_uart1.o ***
_UART1_LINCmd                       ********   *** removed from Debug\stm8s_uart1.o ***
_UART1_ReceiveData8                 ********   *** removed from Debug\stm8s_uart1.o ***
_UART1_ReceiveData9                 ********   *** removed from Debug\stm8s_uart1.o ***
_UART1_ReceiverWakeUpCmd            ********   *** removed from Debug\stm8s_uart1.o ***
_UART1_SendBreak                    ********   *** removed from Debug\stm8s_uart1.o ***
_UART1_SendData8                    ********   *** removed from Debug\stm8s_uart1.o ***
_UART1_SendData9                    ********   *** removed from Debug\stm8s_uart1.o ***
_UART1_SetAddress                   ********   *** removed from Debug\stm8s_uart1.o ***
_UART1_SetGuardTime                 ********   *** removed from Debug\stm8s_uart1.o ***
_UART1_SetPrescaler                 ********   *** removed from Debug\stm8s_uart1.o ***
_UART1_SmartCardCmd                 ********   *** removed from Debug\stm8s_uart1.o ***
_UART1_SmartCardNACKCmd             ********   *** removed from Debug\stm8s_uart1.o ***
_UART1_WakeUpConfig                 ********   *** removed from Debug\stm8s_uart1.o ***
__endmem                            000001ff   defined in command file
                                               *** not used ***
__endzp                             0000003a   defined in command file section .ubsct
                                               used in C:\Program Files (x86)\COSMIC\FSE_Compilers\CXSTM8\Lib\crtsi0.sm8
__idesc__                           00008104   defined in linker section .init
                                               used in C:\Program Files (x86)\COSMIC\FSE_Compilers\CXSTM8\Lib\crtsi0.sm8
__memory                            00000100   defined in command file section .bss
                                               used in C:\Program Files (x86)\COSMIC\FSE_Compilers\CXSTM8\Lib\crtsi0.sm8
__stack                             000003ff   defined in command file
                                               used in C:\Program Files (x86)\COSMIC\FSE_Compilers\CXSTM8\Lib\crtsi0.sm8
__startmem                          00000100   defined in command file section .bss
                                               *** not used ***
__stext                             00008125   defined in C:\Program Files (x86)\COSMIC\FSE_Compilers\CXSTM8\Lib\crtsi0.sm8 section .text
                                               used in Debug\stm8_interrupt_vector.o
__vectab                            00008000   defined in Debug\stm8_interrupt_vector.o section .const
_adc_val                            0000000b   defined in Debug\user_adc.o section .bsct, initialized
_buzzer                             ********   *** removed from Debug\user_buzzer.o ***
_calc_checksum                      00009391   defined in Debug\user_eeprom.o section .text
_dec2bcd                            00008efb   defined in Debug\user_display.o section .text
_delay                              000093d4   defined in Debug\user_timer.o section .text
_display_num                        0000000d   defined in Debug\user_display.o section .bsct, initialized
_dp                                 00000010   defined in Debug\user_display.o section .bsct, initialized
                                               used in Debug\menu.o
_eeprom                             0000001b   defined in Debug\user_eeprom.o section .ubsct
_exit                               00008173   defined in C:\Program Files (x86)\COSMIC\FSE_Compilers\CXSTM8\Lib\crtsi0.sm8 section .text
_flash_config                       000093b1   defined in Debug\user_eeprom.o section .text
_handle_buttons                     00008e43   defined in Debug\menu.o section .text
                                               used in Debug\stm8s_it.o
_init_adc                           00008e90   defined in Debug\user_adc.o section .text
                                               used in Debug\main.o
_init_application                   ********   *** removed from Debug\application.o ***
_init_buzzer                        00008ef8   defined in Debug\user_buzzer.o section .text
                                               used in Debug\main.o
_init_display                       0000924b   defined in Debug\user_display.o section .text
                                               used in Debug\main.o
_init_eeprom                        000092e0   defined in Debug\user_eeprom.o section .text
                                               used in Debug\main.o
_init_led                           000093c3   defined in Debug\user_led.o section .text
_init_menu                          00008e04   defined in Debug\menu.o section .text
                                               used in Debug\main.o
_init_motor                         00008e8a   defined in Debug\motor.o section .text
_init_pressure_sensor               00008e01   defined in Debug\pressure_sensor.o section .text
_init_pwm                           ********   *** removed from Debug\user_pwm.o ***
_init_timer                         000093cc   defined in Debug\user_timer.o section .text
                                               used in Debug\main.o
_init_uart                          0000942a   defined in Debug\user_uart.o section .text
                                               used in Debug\main.o
_main                               00008d62   defined in Debug\main.o section .text
                                               used in C:\Program Files (x86)\COSMIC\FSE_Compilers\CXSTM8\Lib\crtsi0.sm8
_menu_options                       00000000   defined in Debug\menu.o section .bsct, initialized
_menu_timer                         00000019   defined in Debug\menu.o section .ubsct
_motor                              ********   *** removed from Debug\motor.o ***
_num_option                         0000000a   defined in Debug\menu.o section .bsct, initialized
_pool_tick                          000093c6   defined in Debug\user_timer.o section .text
                                               used in Debug\main.o
_read_adc                           00008ed8   defined in Debug\user_adc.o section .text
                                               used in Debug\stm8s_it.o
_read_eeprom                        00009316   defined in Debug\user_eeprom.o section .text
_save_eeprom                        0000934f   defined in Debug\user_eeprom.o section .text
_self_test                          ********   *** removed from Debug\application.o ***
_send_uart                          0000942b   defined in Debug\user_uart.o section .text
_set_buzzer                         00008ef9   defined in Debug\user_buzzer.o section .text
_set_default                        000092f1   defined in Debug\user_eeprom.o section .text
_set_display                        00008f13   defined in Debug\user_display.o section .text
_set_led                            000093c5   defined in Debug\user_led.o section .text
_set_option_display                 00008f38   defined in Debug\user_display.o section .text
                                               used in Debug\menu.o
_set_position                       00008e8d   defined in Debug\motor.o section .text
_set_pwm                            ********   *** removed from Debug\user_pwm.o ***
_speed_down                         00008e8c   defined in Debug\motor.o section .text
_speed_up                           00008e8b   defined in Debug\motor.o section .text
_task_display                       000091e8   defined in Debug\user_display.o section .text
                                               used in Debug\main.o
_task_menu                          00008e7c   defined in Debug\menu.o section .text
                                               used in Debug\main.o
_task_motor                         00008e8f   defined in Debug\motor.o section .text
                                               used in Debug\main.o
_task_timer                         000093fc   defined in Debug\user_timer.o section .text
                                               used in Debug\stm8s_it.o
_test_pressure_sensor               00008e02   defined in Debug\pressure_sensor.o section .text
_tick                               0000002f   defined in Debug\user_timer.o section .ubsct
                                               used in Debug\menu.o
_timer_tick                         00000018   defined in Debug\user_timer.o section .bsct, initialized
_tmr_buzzer                         00008efa   defined in Debug\user_buzzer.o section .text
                                               used in Debug\user_timer.o
_tmr_delay                          00000014   defined in Debug\user_timer.o section .bsct, initialized
_tmr_display                        000091e9   defined in Debug\user_display.o section .text
                                               used in Debug\user_timer.o
_tmr_led                            000093c4   defined in Debug\user_led.o section .text
                                               used in Debug\user_timer.o
_tmr_menu                           00008e3b   defined in Debug\menu.o section .text
                                               used in Debug\user_timer.o
_tmr_motor                          00008e8e   defined in Debug\motor.o section .text
                                               used in Debug\user_timer.o
_tmr_pressure_sensor                00008e03   defined in Debug\pressure_sensor.o section .text
                                               used in Debug\user_timer.o
_wr_digit                           00008f3b   defined in Debug\user_display.o section .text
c_cmulx                             0000942c   defined in (C:\Program Files (x86)\COSMIC\FSE_Compilers\CXSTM8\Lib\libm0.sm8)cmulx.o section .text
                                               used in Debug\stm8s_flash.o
c_divsl                             000094cc   defined in (C:\Program Files (x86)\COSMIC\FSE_Compilers\CXSTM8\Lib\libm0.sm8)ldiv.o section .text
                                               *** not used ***
c_divul                             000094e3   defined in (C:\Program Files (x86)\COSMIC\FSE_Compilers\CXSTM8\Lib\libm0.sm8)ldiv.o section .text
                                               used in (C:\Program Files (x86)\COSMIC\FSE_Compilers\CXSTM8\Lib\libm0.sm8)ludiv.o
c_ladc                              00009440   defined in (C:\Program Files (x86)\COSMIC\FSE_Compilers\CXSTM8\Lib\libm0.sm8)ladc.o section .text
                                               used in Debug\user_eeprom.o
c_ladd                              00009451   defined in (C:\Program Files (x86)\COSMIC\FSE_Compilers\CXSTM8\Lib\libm0.sm8)ladd.o section .text
                                               used in Debug\stm8s_flash.o
c_lgadc                             00009469   defined in (C:\Program Files (x86)\COSMIC\FSE_Compilers\CXSTM8\Lib\libm0.sm8)lgadc.o section .text
                                               used in Debug\user_eeprom.o
c_lgadd                             00009479   defined in (C:\Program Files (x86)\COSMIC\FSE_Compilers\CXSTM8\Lib\libm0.sm8)lgadd.o section .text
                                               used in Debug\stm8s_flash.o
c_lgneg                             000095b7   defined in (C:\Program Files (x86)\COSMIC\FSE_Compilers\CXSTM8\Lib\libm0.sm8)lgneg.o section .text
                                               used in (C:\Program Files (x86)\COSMIC\FSE_Compilers\CXSTM8\Lib\libm0.sm8)ldiv.o
c_lgsbc                             00009490   defined in (C:\Program Files (x86)\COSMIC\FSE_Compilers\CXSTM8\Lib\libm0.sm8)lgsbc.o section .text
                                               used in Debug\user_timer.o
c_llsh                              ********   *** removed from (C:\Program Files (x86)\COSMIC\FSE_Compilers\CXSTM8\Lib\libm0.sm8)llsh.o ***
c_lneg                              000095ca   defined in (C:\Program Files (x86)\COSMIC\FSE_Compilers\CXSTM8\Lib\libm0.sm8)lneg.o section .text
                                               used in (C:\Program Files (x86)\COSMIC\FSE_Compilers\CXSTM8\Lib\libm0.sm8)ldiv.o
c_lreg                              00000030   defined in (C:\Program Files (x86)\COSMIC\FSE_Compilers\CXSTM8\Lib\libm0.sm8)lreg.o section .ubsct
                                               used in Debug\stm8s_clk.o
                                                       Debug\stm8s_flash.o
                                                       Debug\stm8s_uart1.o
                                                       Debug\user_eeprom.o
                                                       (C:\Program Files (x86)\COSMIC\FSE_Compilers\CXSTM8\Lib\libm0.sm8)cmulx.o
                                                       (C:\Program Files (x86)\COSMIC\FSE_Compilers\CXSTM8\Lib\libm0.sm8)ladc.o
                                                       (C:\Program Files (x86)\COSMIC\FSE_Compilers\CXSTM8\Lib\libm0.sm8)ladd.o
                                                       (C:\Program Files (x86)\COSMIC\FSE_Compilers\CXSTM8\Lib\libm0.sm8)lgadd.o
                                                       (C:\Program Files (x86)\COSMIC\FSE_Compilers\CXSTM8\Lib\libm0.sm8)llsh.o
                                                       (C:\Program Files (x86)\COSMIC\FSE_Compilers\CXSTM8\Lib\libm0.sm8)lsub.o
                                                       (C:\Program Files (x86)\COSMIC\FSE_Compilers\CXSTM8\Lib\libm0.sm8)ltor.o
                                                       (C:\Program Files (x86)\COSMIC\FSE_Compilers\CXSTM8\Lib\libm0.sm8)ldiv.o
                                                       (C:\Program Files (x86)\COSMIC\FSE_Compilers\CXSTM8\Lib\libm0.sm8)lneg.o
                                                       (C:\Program Files (x86)\COSMIC\FSE_Compilers\CXSTM8\Lib\libm0.sm8)lursh.o
                                                       (C:\Program Files (x86)\COSMIC\FSE_Compilers\CXSTM8\Lib\libm0.sm8)rtol.o
                                                       (C:\Program Files (x86)\COSMIC\FSE_Compilers\CXSTM8\Lib\libm0.sm8)smul.o
                                                       (C:\Program Files (x86)\COSMIC\FSE_Compilers\CXSTM8\Lib\libm0.sm8)umul.o
c_lsub                              ********   *** removed from (C:\Program Files (x86)\COSMIC\FSE_Compilers\CXSTM8\Lib\libm0.sm8)lsub.o ***
c_ltor                              000094a6   defined in (C:\Program Files (x86)\COSMIC\FSE_Compilers\CXSTM8\Lib\libm0.sm8)ltor.o section .text
                                               used in Debug\stm8s_clk.o
                                                       Debug\stm8s_flash.o
                                                       Debug\stm8s_uart1.o
                                                       Debug\user_eeprom.o
c_ludv                              000094b8   defined in (C:\Program Files (x86)\COSMIC\FSE_Compilers\CXSTM8\Lib\libm0.sm8)ludiv.o section .text
                                               used in Debug\stm8s_clk.o
                                                       Debug\stm8s_uart1.o
c_lursh                             ********   *** removed from (C:\Program Files (x86)\COSMIC\FSE_Compilers\CXSTM8\Lib\libm0.sm8)lursh.o ***
c_lzmp                              000095df   defined in (C:\Program Files (x86)\COSMIC\FSE_Compilers\CXSTM8\Lib\libm0.sm8)lzmp.o section .text
                                               used in Debug\user_timer.o
c_rtol                              000095f2   defined in (C:\Program Files (x86)\COSMIC\FSE_Compilers\CXSTM8\Lib\libm0.sm8)rtol.o section .text
                                               used in Debug\stm8s_clk.o
                                                       Debug\stm8s_flash.o
                                                       Debug\stm8s_uart1.o
c_smul                              ********   *** removed from (C:\Program Files (x86)\COSMIC\FSE_Compilers\CXSTM8\Lib\libm0.sm8)smul.o ***
c_umul                              00009604   defined in (C:\Program Files (x86)\COSMIC\FSE_Compilers\CXSTM8\Lib\libm0.sm8)umul.o section .text
                                               used in Debug\stm8s_flash.o
c_x                                 00000034   defined in (C:\Program Files (x86)\COSMIC\FSE_Compilers\CXSTM8\Lib\libm0.sm8)xreg.o section .ubsct
                                               used in C:\Program Files (x86)\COSMIC\FSE_Compilers\CXSTM8\Lib\crtsi0.sm8
                                                       Debug\stm8s_it.o
                                                       (C:\Program Files (x86)\COSMIC\FSE_Compilers\CXSTM8\Lib\libm0.sm8)ldiv.o
                                                       (C:\Program Files (x86)\COSMIC\FSE_Compilers\CXSTM8\Lib\libm0.sm8)umul.o
c_y                                 00000037   defined in (C:\Program Files (x86)\COSMIC\FSE_Compilers\CXSTM8\Lib\libm0.sm8)yreg.o section .ubsct
                                               used in C:\Program Files (x86)\COSMIC\FSE_Compilers\CXSTM8\Lib\crtsi0.sm8
                                                       Debug\stm8s_it.o
                                                       (C:\Program Files (x86)\COSMIC\FSE_Compilers\CXSTM8\Lib\libm0.sm8)umul.o
f_ADC1_IRQHandler                   00008db7   defined in Debug\stm8s_it.o section .text
                                               used in Debug\stm8_interrupt_vector.o
f_AWU_IRQHandler                    00008d87   defined in Debug\stm8s_it.o section .text
                                               *** not used ***
f_CLK_IRQHandler                    00008d88   defined in Debug\stm8s_it.o section .text
                                               *** not used ***
f_EEPROM_EEC_IRQHandler             00008e00   defined in Debug\stm8s_it.o section .text
                                               *** not used ***
f_EXTI_PORTA_IRQHandler             00008d89   defined in Debug\stm8s_it.o section .text
                                               *** not used ***
f_EXTI_PORTB_IRQHandler             00008d8a   defined in Debug\stm8s_it.o section .text
                                               *** not used ***
f_EXTI_PORTC_IRQHandler             00008d8b   defined in Debug\stm8s_it.o section .text
                                               used in Debug\stm8_interrupt_vector.o
f_EXTI_PORTD_IRQHandler             00008dad   defined in Debug\stm8s_it.o section .text
                                               *** not used ***
f_EXTI_PORTE_IRQHandler             00008dae   defined in Debug\stm8s_it.o section .text
                                               *** not used ***
f_I2C_IRQHandler                    00008db6   defined in Debug\stm8s_it.o section .text
                                               *** not used ***
f_NonHandledInterrupt               00009640   defined in Debug\stm8_interrupt_vector.o section .text
f_SPI_IRQHandler                    00008daf   defined in Debug\stm8s_it.o section .text
                                               *** not used ***
f_TIM1_CAP_COM_IRQHandler           00008db1   defined in Debug\stm8s_it.o section .text
                                               *** not used ***
f_TIM1_UPD_OVF_TRG_BRK_IRQHandler   00008db0   defined in Debug\stm8s_it.o section .text
                                               *** not used ***
f_TIM2_CAP_COM_IRQHandler           00008db3   defined in Debug\stm8s_it.o section .text
                                               *** not used ***
f_TIM2_UPD_OVF_BRK_IRQHandler       00008db2   defined in Debug\stm8s_it.o section .text
                                               *** not used ***
f_TIM4_UPD_OVF_IRQHandler           00008dd9   defined in Debug\stm8s_it.o section .text
                                               used in Debug\stm8_interrupt_vector.o
f_TLI_IRQHandler                    00008d86   defined in Debug\stm8s_it.o section .text
                                               *** not used ***
f_TRAP_IRQHandler                   00008d85   defined in Debug\stm8s_it.o section .text
                                               *** not used ***
f_UART1_RX_IRQHandler               00008db5   defined in Debug\stm8s_it.o section .text
                                               *** not used ***
f_UART1_TX_IRQHandler               00008db4   defined in Debug\stm8s_it.o section .text
                                               *** not used ***
